<html>
<body>
<pre>
<h1>µVision Build Log</h1>
<h2>Project:</h2>
C:\Users\HP\Desktop\CROS_RM2018  ÒÆÖ²OLED ÆÁÄ»  ¸´ÖÆÕ³Ìù\CROS_RM2018\keilproject_stm32f4\RM2018.uvprojx
Project File Date:  10/13/2018

<h2>Output:</h2>
Build target 'F4'
compiling protocol.c...
linking...
.\Objects\RM2018.axf: Warning: L6304W: Duplicate input file .\objects\protocol.o ignored.
Program Size: Code=50506 RO-data=2942 RW-data=688 ZI-data=1158016  
Finished: 0 information, 1 warning and 0 error messages.
".\Objects\RM2018.axf" - 0 Error(s), 1 Warning(s).
</pre>
</body>
</html>
295-D: Deprecated declaration data_read - give arg types
  void  data_read();
..\user\driver\data_save_lib.h(25): warning:  #1295-D: Deprecated declaration data_save - give arg types
  void  data_save();
..\user\driver\data_save_lib.h(28): warning:  #1-D: last line of file ends without a newline
  #endif
..\user\driver\UI_lib.c(19): warning:  #2532-D: support for trigraphs is disabled
  key_y:????,????????(???????????????)
..\user\driver\UI_lib.c(96): warning:  #513-D: a value of type "float *" cannot be assigned to an entity of type "u32 *"
                data_tmp_u32 = (float *)p_page->param[Num];
..\user\driver\UI_lib.c(98): warning:  #513-D: a value of type "U32 *" cannot be assigned to an entity of type "float *"
                data_tmp_float = (U32 *)p_page->param[Num]; 
..\user\driver\UI_lib.c(239): warning:  #223-D: function "task_delay_ms" declared implicitly
                        task_delay_ms(20);
..\user\driver\UI_lib.c: 9 warnings, 0 errors
linking...
.\Objects\RM2018.axf: Warning: L6304W: Duplicate input file .\objects\protocol.o ignored.
Program Size: Code=50506 RO-data=2942 RW-data=688 ZI-data=1158016  
Finished: 0 information, 1 warning and 0 error messages.
".\Objects\RM2018.axf" - 0 Error(s), 10 Warning(s).
Load "C:\\Users\\HP\\Desktop\\CROS_RM2018  ÒÆÖ²OLED ÆÁÄ»  ¸´ÖÆÕ³Ìù\\CROS_RM2018\\keilproject_stm32f4\\Objects\\RM2018.axf" 
* JLink Info: Device "STM32F405RG" selected (1024 KB flash, 128 KB RAM).
Set JLink Project File to "C:\Users\HP\Desktop\CROS_RM2018  ÒÆÖ²OLED ÆÁÄ»  ¸´ÖÆÕ³Ìù\CROS_RM2018\keilproject_stm32f4\JLinkSettings.ini"
* JLink Info: Device "STM32F405RG" selected (1024 KB flash, 128 KB RAM).
 
JLink info:
------------
DLL: V4.80g, compiled Feb 13 2014 20:50:02
Firmware: J-Link ARM-OB STM32 compiled Aug 22 2012 19:52:04
Hardware: V7.00
S/N : 20090928 
Feature(s) : RDI,FlashDL,FlashBP,JFlash,GDBFull 
 
* JLink Info: Found SWD-DP with ID 0x2BA01477
* JLink Info: Found SWD-DP with ID 0x2BA01477
* JLink Info: Found Cortex-M4 r0p1, Little endian.
* JLink Info: FPUnit: 6 code (BP) slots and 2 literal slots
* JLink Info: TPIU fitted.
* JLink Info: ETM fitted.
ROMTableAddr = 0xE00FF003
 
Target info:
------------
Device: STM32F405RGTx
VTarget = 3.300V
State of Pins: 
TCK: 0, TDI: 0, TDO: 1, TMS: 0, TRES: 1, TRST: 1
Hardware-Breakpoints: 6
Software-Breakpoints: 8192
Watchpoints:          4
JTAG speed: 500 kHz
 
Erase Done.
Programming Done.
Verify OK.
Application running ...
