Product: MDK-ARM Standard 5.10
Component: ARM Compiler 5.04 update 1 (build 49)
Tool: armlink [5040049]

==============================================================================

Section Cross References

    main.o(i.main) refers to _printf_percent.o(.ARM.Collect$$_printf_percent$$00000000) for _printf_percent
    main.o(i.main) refers to _printf_f.o(.ARM.Collect$$_printf_percent$$00000003) for _printf_f
    main.o(i.main) refers to printf1.o(x$fpl$printf1) for _printf_fp_dec
    main.o(i.main) refers to _printf_d.o(.ARM.Collect$$_printf_percent$$00000009) for _printf_d
    main.o(i.main) refers to _printf_s.o(.ARM.Collect$$_printf_percent$$00000014) for _printf_s
    main.o(i.main) refers to _printf_dec.o(.text) for _printf_int_dec
    main.o(i.main) refers to _printf_str.o(.text) for _printf_str
    main.o(i.main) refers to flash_data.o(i.FD_set) for FD_set
    main.o(i.main) refers to flash_data.o(i.FD_check) for FD_check
    main.o(i.main) refers to usart.o(i.serial_init) for serial_init
    main.o(i.main) refers to noretval__2printf.o(.text) for __2printf
    main.o(i.main) refers to flash_data.o(i.FD_print) for FD_print
    main.o(i.main) refers to makos_system.o(i.makos_init) for makos_init
    main.o(i.main) refers to makos_task.o(i.task_create_full) for task_create_full
    main.o(i.main) refers to makos_system.o(i.makos_run) for makos_run
    main.o(i.main) refers to makos_critical.o(i.irq_close) for irq_close
    main.o(i.main) refers to flash_data.o(.bss) for FD
    main.o(i.main) refers to task_init.o(i.task_init) for task_init
    main.o(i.main) refers to makos_system.o(.bss) for system_param
    task_led.o(i.led_user_control) refers to task_led.o(.data) for led_user_period
    task_led.o(i.task_led_sys) refers to makos_schedule.o(i.task_suspend) for task_suspend
    task_led.o(i.task_led_sys) refers to makos_critical.o(i.irq_close) for irq_close
    task_led.o(i.task_led_sys) refers to makos_task.o(i.task_create_full) for task_create_full
    task_led.o(i.task_led_sys) refers to makos_critical.o(i.irq_restore) for irq_restore
    task_led.o(i.task_led_sys) refers to led.o(i.mled_toggle) for mled_toggle
    task_led.o(i.task_led_sys) refers to makos_schedule.o(i.task_delay_ms) for task_delay_ms
    task_led.o(i.task_led_sys) refers to flash_data.o(.bss) for FD
    task_led.o(i.task_led_sys) refers to task_led.o(.data) for led1
    task_led.o(i.task_led_sys) refers to makos_system.o(.data) for ptcb_curr
    task_led.o(i.task_led_sys) refers to task_led.o(i.task_led_user) for task_led_user
    task_led.o(i.task_led_user) refers to makos_resolver.o(i.resolve_add) for resolve_add
    task_led.o(i.task_led_user) refers to led.o(i.mled_toggle) for mled_toggle
    task_led.o(i.task_led_user) refers to makos_schedule.o(i.task_delay_ms) for task_delay_ms
    task_led.o(i.task_led_user) refers to led.o(i.mled_off) for mled_off
    task_led.o(i.task_led_user) refers to makos_critical.o(i.irq_close) for irq_close
    task_led.o(i.task_led_user) refers to noretval__2printf.o(.text) for __2printf
    task_led.o(i.task_led_user) refers to makos_critical.o(i.irq_restore) for irq_restore
    task_led.o(i.task_led_user) refers to task_led.o(i.led_user_control) for led_user_control
    task_led.o(i.task_led_user) refers to task_led.o(.data) for led_user_period
    task_led.o(i.task_led_user) refers to makos_print.o(.data) for print_flag
    task_init.o(i.task_init) refers to _printf_percent.o(.ARM.Collect$$_printf_percent$$00000000) for _printf_percent
    task_init.o(i.task_init) refers to _printf_d.o(.ARM.Collect$$_printf_percent$$00000009) for _printf_d
    task_init.o(i.task_init) refers to _printf_dec.o(.text) for _printf_int_dec
    task_init.o(i.task_init) refers to _printf_s.o(.ARM.Collect$$_printf_percent$$00000014) for _printf_s
    task_init.o(i.task_init) refers to _printf_str.o(.text) for _printf_str
    task_init.o(i.task_init) refers to can.o(i.CAN1_Configuration) for CAN1_Configuration
    task_init.o(i.task_init) refers to can.o(i.can2_Configuration) for can2_Configuration
    task_init.o(i.task_init) refers to task_remote.o(i.remote_send_msg_init) for remote_send_msg_init
    task_init.o(i.task_init) refers to makos_critical.o(i.irq_close) for irq_close
    task_init.o(i.task_init) refers to noretval__2printf.o(.text) for __2printf
    task_init.o(i.task_init) refers to makos_critical.o(i.irq_restore) for irq_restore
    task_init.o(i.task_init) refers to makos_task.o(i.task_create_full) for task_create_full
    task_init.o(i.task_init) refers to makos_schedule.o(i.task_suspend) for task_suspend
    task_init.o(i.task_init) refers to makos_schedule.o(i.task_delay_ms) for task_delay_ms
    task_init.o(i.task_init) refers to flash_data.o(.bss) for FD
    task_init.o(i.task_init) refers to makos_print.o(.data) for print_flag
    task_init.o(i.task_init) refers to task_oled.o(i.task_oled) for task_oled
    task_init.o(i.task_init) refers to task_remote.o(i.task_remote) for task_remote
[...]
    pipe_init                                0x080078fd   Thumb Code    76  makos_pipe.o(i.pipe_init)
    pipe_read                                0x08007991   Thumb Code    62  makos_pipe.o(i.pipe_read)
    pipe_write                               0x080079cf   Thumb Code    70  makos_pipe.o(i.pipe_write)
    pow_of_10                                0x08007a15   Thumb Code    24  makos_resolver.o(i.pow_of_10)
    print_chassis_speed                      0x08007a2d   Thumb Code    82  task_chassis.o(i.print_chassis_speed)
    print_current                            0x08007ab9   Thumb Code    82  task_chassis.o(i.print_current)
    receiver_control                         0x08007b49   Thumb Code    30  task_remote.o(i.receiver_control)
    record_control                           0x08007b75   Thumb Code     8  makos_record.o(i.record_control)
    remote_0_protec                          0x08007b81   Thumb Code    24  motor.o(i.remote_0_protec)
    remote_chassis                           0x08007b99   Thumb Code   524  task_remote.o(i.remote_chassis)
    remote_data_dispose                      0x08007db5   Thumb Code   160  task_remote.o(i.remote_data_dispose)
    remote_data_proc                         0x08007e59   Thumb Code    48  task_chassis.o(i.remote_data_proc)
    remote_drag_give                         0x08007e91   Thumb Code   180  task_remote.o(i.remote_drag_give)
    remote_handle                            0x08007f61   Thumb Code   120  task_remote.o(i.remote_handle)
    remote_holder_shoot                      0x08007fed   Thumb Code   436  task_remote.o(i.remote_holder_shoot)
    remote_lift_bullet_view                  0x080081bd   Thumb Code   368  task_remote.o(i.remote_lift_bullet_view)
    remote_send_msg_init                     0x08008365   Thumb Code   104  task_remote.o(i.remote_send_msg_init)
    remote_test                              0x080083f5   Thumb Code   548  task_remote.o(i.remote_test)
    resolve_add                              0x080086e9   Thumb Code    30  makos_resolver.o(i.resolve_add)
    resolver_init                            0x0800870d   Thumb Code    32  makos_resolver.o(i.resolver_init)
    send_can                                 0x08008739   Thumb Code    70  motor.o(i.send_can)
    send_speed_wave                          0x0800878d   Thumb Code    94  task_chassis.o(i.send_speed_wave)
    serial_handler                           0x08008809   Thumb Code    38  usart.o(i.serial_handler)
    serial_init                              0x08008839   Thumb Code   604  usart.o(i.serial_init)
    set_D                                    0x08008afd   Thumb Code     2  task_chassis.o(i.set_D)
    set_I                                    0x08008aff   Thumb Code     2  task_chassis.o(i.set_I)
    set_P                                    0x08008b01   Thumb Code     2  task_chassis.o(i.set_P)
    set_cpu_print                            0x08008b05   Thumb Code    14  makos_idle.o(i.set_cpu_print)
    set_current_symbol                       0x08008b19   Thumb Code    38  motor.o(i.set_current_symbol)
    set_err_lim                              0x08008b49   Thumb Code     2  task_chassis.o(i.set_err_lim)
    shoot_control                            0x08008b4d   Thumb Code    10  task_shoot.o(i.shoot_control)
    shoot_test_control                       0x08008b5d   Thumb Code     8  task_shoot.o(i.shoot_test_control)
    show_content                             0x08008b69   Thumb Code   380  ui_lib.o(i.show_content)
    speed_show_set                           0x08008ce9   Thumb Code     6  task_chassis.o(i.speed_show_set)
    speed_update                             0x08008cf5   Thumb Code    38  supply_motor.o(i.speed_update)
    stack_print                              0x08008d25   Thumb Code    84  makos_record.o(i.stack_print)
    strech_init                              0x08008dd9   Thumb Code    74  task_bullet.o(i.strech_init)
    strech_motor                             0x08008e35   Thumb Code   102  task_bullet.o(i.strech_motor)
    string_compare                           0x08008eb1   Thumb Code    52  makos_resolver.o(i.string_compare)
    string_get_U32                           0x08008ee5   Thumb Code    50  makos_resolver.o(i.string_get_U32)
    string_to_float                          0x08008f19   Thumb Code   282  makos_resolver.o(i.string_to_float)
    supply_pid_calc                          0x08009041   Thumb Code   234  supply_motor.o(i.supply_pid_calc)
    task_PRINT                               0x08009135   Thumb Code    98  makos_print.o(i.task_PRINT)
    task_bullet                              0x080091a1   Thumb Code   354  task_bullet.o(i.task_bullet)
    task_camera_move                         0x0800937d   Thumb Code    92  task_camera_move.o(i.task_camera_move)
    task_car_rise_engineer                   0x080093fd   Thumb Code   106  task_car_rise_engineer.o(i.task_car_rise_engineer)
    task_car_rise_hero                       0x08009485   Thumb Code   426  task_car_rise_hero.o(i.task_car_rise_hero)
    task_chassis                             0x08009661   Thumb Code   592  task_chassis.o(i.task_chassis)
    task_clip                                0x080099a9   Thumb Code   126  task_clip.o(i.task_clip)
    task_create_full                         0x08009a45   Thumb Code   734  makos_task.o(i.task_create_full)
    task_delay_ms                            0x08009d9d   Thumb Code    46  makos_schedule.o(i.task_delay_ms)
    task_drag                                0x08009dd5   Thumb Code    86  task_drag.o(i.task_drag)
    task_give                                0x08009e3d   Thumb Code   104  task_give.o(i.task_give)
    task_guard_move                          0x08009ead   Thumb Code   170  task_guard.o(i.task_guard_move)
    task_holder                              0x08009f79   Thumb Code   916  task_holder.o(i.task_holder)
    task_holder_control                      0x0800a3dd   Thumb Code   390  task_holder.o(i.task_holder_control)
    task_idle                                0x0800a5d9   Thumb Code   224  makos_idle.o(i.task_idle)
    task_init                                0x0800a6fd   Thumb Code   838  task_init.o(i.task_init)
    task_oled                                0x0800abf1   Thumb Code    48  task_oled.o(i.task_oled)
    task_record                              0x0800ac25   Thumb Code    72  makos_record.o(i.task_record)
    task_remote                              0x0800acc1   Thumb Code   194  task_remote.o(i.task_remote)
    task_resolver                            0x0800adfd   Thumb Code   378  makos_resolver.o(i.task_resolver)
    task_resume                              0x0800afed   Thumb Code    48  makos_schedule.o(i.task_resume)
    task_set_prio                            0x0800b021   Thumb Code    38  makos_schedule.o(i.task_set_prio)
    task_shoot                               0x0800b04d   Thumb Code  1414  task_shoot.o(i.task_shoot)
    task_shoot_control                       0x0800b641   Thumb Code   144  task_shoot.o(i.task_shoot_control)
    task_suspend                             0x0800b6e9   Thumb Code    36  makos_schedule.o(i.task_suspend)
    tick_handle                              0x0800b711   Thumb Code    98  makos_tick_handle.o(i.tick_handle)
    tick_init                                0x0800b77d   Thumb Code    66  makos_tick.o(i.tick_init)
    tick_start                               0x0800b7cd   Thumb Code    28  makos_tick.o(i.tick_start)
    upper_monit_err_lim                      0x0800b7e9   Thumb Code   114  task_chassis.o(i.upper_monit_err_lim)
    upper_monit_kd                           0x0800b87d   Thumb Code   114  task_chassis.o(i.upper_monit_kd)
    upper_monit_ki                           0x0800b90d   Thumb Code   114  task_chassis.o(i.upper_monit_ki)
    upper_monit_kp                           0x0800b99d   Thumb Code   114  task_chassis.o(i.upper_monit_kp)
    usart3_send_char                         0x0800ba2d   Thumb Code    28  usart.o(i.usart3_send_char)
    usart3_send_string                       0x0800ba4d   Thumb Code    26  usart.o(i.usart3_send_string)
    v_k_func                                 0x0800ba69   Thumb Code    96  task_chassis.o(i.v_k_func)
    wave_key                                 0x0800bae9   Thumb Code     6  task_chassis.o(i.wave_key)
    _get_lc_numeric                          0x0800baf5   Thumb Code    44  lc_numeric_c.o(locale$$code)
    __aeabi_d2f                              0x0800bb21   Thumb Code     0  d2f.o(x$fpl$d2f)
    _d2f                                     0x0800bb21   Thumb Code    98  d2f.o(x$fpl$d2f)
    __aeabi_dadd                             0x0800bb85   Thumb Code     0  daddsub_clz.o(x$fpl$dadd)
    _dadd                                    0x0800bb85   Thumb Code   332  daddsub_clz.o(x$fpl$dadd)
    __fpl_dcmp_Inf                           0x0800bcd5   Thumb Code    24  dcmpi.o(x$fpl$dcmpinf)
    __aeabi_ddiv                             0x0800bced   Thumb Code     0  ddiv.o(x$fpl$ddiv)
    _ddiv                                    0x0800bced   Thumb Code   552  ddiv.o(x$fpl$ddiv)
    __aeabi_cdcmpeq                          0x0800bf9d   Thumb Code     0  deqf.o(x$fpl$deqf)
    _dcmpeq                                  0x0800bf9d   Thumb Code   120  deqf.o(x$fpl$deqf)
    __aeabi_d2iz                             0x0800c015   Thumb Code     0  dfix.o(x$fpl$dfix)
    _dfix                                    0x0800c015   Thumb Code    94  dfix.o(x$fpl$dfix)
    __aeabi_d2uiz                            0x0800c075   Thumb Code     0  dfixu.o(x$fpl$dfixu)
    _dfixu                                   0x0800c075   Thumb Code    90  dfixu.o(x$fpl$dfixu)
    __aeabi_i2d                              0x0800c0cf   Thumb Code     0  dflt_clz.o(x$fpl$dflt)
    _dflt                                    0x0800c0cf   Thumb Code    46  dflt_clz.o(x$fpl$dflt)
    __aeabi_ui2d                             0x0800c0fd   Thumb Code     0  dflt_clz.o(x$fpl$dfltu)
    _dfltu                                   0x0800c0fd   Thumb Code    38  dflt_clz.o(x$fpl$dfltu)
    __aeabi_cdcmple                          0x0800c125   Thumb Code     0  dleqf.o(x$fpl$dleqf)
    _dcmple                                  0x0800c125   Thumb Code   120  dleqf.o(x$fpl$dleqf)
    __fpl_dcmple_InfNaN                      0x0800c187   Thumb Code     0  dleqf.o(x$fpl$dleqf)
    __aeabi_dmul                             0x0800c19d   Thumb Code     0  dmul.o(x$fpl$dmul)
    _dmul                                    0x0800c19d   Thumb Code   332  dmul.o(x$fpl$dmul)
    __fpl_dnaninf                            0x0800c2f1   Thumb Code   156  dnaninf.o(x$fpl$dnaninf)
    __fpl_dretinf                            0x0800c38d   Thumb Code    12  dretinf.o(x$fpl$dretinf)
    __aeabi_cdrcmple                         0x0800c399   Thumb Code     0  drleqf.o(x$fpl$drleqf)
    _drcmple                                 0x0800c399   Thumb Code   108  drleqf.o(x$fpl$drleqf)
    __aeabi_dsub                             0x0800c405   Thumb Code     0  daddsub_clz.o(x$fpl$dsub)
    _dsub                                    0x0800c405   Thumb Code   464  daddsub_clz.o(x$fpl$dsub)
    __aeabi_f2d                              0x0800c5d9   Thumb Code     0  f2d.o(x$fpl$f2d)
    _f2d                                     0x0800c5d9   Thumb Code    86  f2d.o(x$fpl$f2d)
    __fpl_fnaninf                            0x0800c62f   Thumb Code   140  fnaninf.o(x$fpl$fnaninf)
    _fp_init                                 0x0800c6bb   Thumb Code    10  fpinit.o(x$fpl$fpinit)
    __fplib_config_fpu_vfp                   0x0800c6c3   Thumb Code     0  fpinit.o(x$fpl$fpinit)
    __fplib_config_pureend_doubles           0x0800c6c3   Thumb Code     0  fpinit.o(x$fpl$fpinit)
    __fpl_fretinf                            0x0800c6c5   Thumb Code    10  fretinf.o(x$fpl$fretinf)
    _printf_fp_dec                           0x0800c6cf   Thumb Code     4  printf1.o(x$fpl$printf1)
    F6x8                                     0x0800c6d2   Data         552  oled.o(.constdata)
    __I$use$fp                               0x0800c6d2   Number         0  usenofp.o(x$fpl$usenofp)
    F8X16                                    0x0800c8fa   Data        1520  oled.o(.constdata)
    memtblsize                               0x0800cf30   Data           8  makos_memory.o(.constdata)
    memblksize                               0x0800cf38   Data           8  makos_memory.o(.constdata)
    memsize                                  0x0800cf40   Data           8  makos_memory.o(.constdata)
    Region$$Table$$Base                      0x0800d08c   Number         0  anon$$obj.o(Region$$Table)
    Region$$Table$$Limit                     0x0800d0ac   Number         0  anon$$obj.o(Region$$Table)
    dbus_error_mark                          0x20000000   Data           4  task_remote.o(.data)
    mode_flag                                0x20000004   Data           4  task_remote.o(.data)
    remote_mouse_x                           0x20000008   Data           2  task_remote.o(.data)
    remote_mouse_y                           0x2000000a   Data           2  task_remote.o(.data)
    shoot_flag                               0x2000000c   Data           4  task_remote.o(.data)
    shoot_single                             0x20000010   Data           4  task_remote.o(.data)
    liftf_flag                               0x20000014   Data           4  task_remote.o(.data)
    liftb_flag                               0x20000018   Data           4  task_remote.o(.data)
    strech_flag                              0x2000001c   Data           4  task_remote.o(.data)
    strech_mark                              0x20000020   Data           4  task_remote.o(.data)
    clip_flag                                0x20000024   Data           4  task_remote.o(.data)
    view_flag                                0x20000028   Data           4  task_remote.o(.data)
    view_mark                                0x2000002c   Data           4  task_remote.o(.data)
    drag_flag                                0x20000030   Data           4  task_remote.o(.data)
    drag_down_mark                           0x20000034   Data           4  task_remote.o(.data)
    give_flag                                0x20000038   Data           4  task_remote.o(.data)
    receiver_print                           0x2000003c   Data           4  task_remote.o(.data)
    receiver_print_mark                      0x20000040   Data           4  task_remote.o(.data)
    err_lim                                  0x20000044   Data           4  task_chassis.o(.data)
    speed_show_G                             0x20000048   Data           4  task_chassis.o(.data)
    send_wave_flag                           0x2000004c   Data           1  task_chassis.o(.data)
    wave_open_G                              0x2000004d   Data           1  task_chassis.o(.data)
    adc_print_G                              0x20000050   Data           4  task_chassis.o(.data)
    L_start_G                                0x20000054   Data           4  task_chassis.o(.data)
    R_start_G                                0x20000058   Data           4  task_chassis.o(.data)
    tick_judg                                0x2000005c   Data           4  task_chassis.o(.data)
    v_k                                      0x20000060   Data           4  task_chassis.o(.data)
    holder_yaw_angle                         0x20000064   Data           2  task_holder.o(.data)
    holder_pitch_angle                       0x20000066   Data           2  task_holder.o(.data)
    holder_x_mpu                             0x20000068   Data           2  task_holder.o(.data)
    holder_y_mpu                             0x2000006a   Data           2  task_holder.o(.data)
    holder_x_mpu_fix                         0x2000006c   Data           2  task_holder.o(.data)
    holder_y_mpu_fix                         0x2000006e   Data           2  task_holder.o(.data)
    temp1                                    0x20000070   Data           2  task_holder.o(.data)
    temp2                                    0x20000072   Data           2  task_holder.o(.data)
    temp3                                    0x20000074   Data           2  task_holder.o(.data)
    temp4                                    0x20000076   Data           2  task_holder.o(.data)
    holder_print                             0x20000078   Data           4  task_holder.o(.data)
    holder_print_mark                        0x2000007c   Data           4  task_holder.o(.data)
    holder_x_init                            0x20000080   Data           2  task_holder.o(.data)
    holder_y_init                            0x20000082   Data           2  task_holder.o(.data)
    holder_x_target                          0x20000084   Data           2  task_holder.o(.data)
    holder_y_target                          0x20000086   Data           2  task_holder.o(.data)
    shoot_test                               0x20000088   Data           4  task_shoot.o(.data)
    shoot_print                              0x2000008c   Data           4  task_shoot.o(.data)
    shoot_print_mark                         0x20000090   Data           4  task_shoot.o(.data)
    bullet_print                             0x20000098   Data           4  task_bullet.o(.data)
    bullet_print_mark                        0x2000009c   Data           4  task_bullet.o(.data)
    strech_expect_cricle                     0x200000a0   Data           2  task_bullet.o(.data)
    strech_speed_data                        0x200000a2   Data           8  task_bullet.o(.data)
    servo_pwm                                0x200000ac   Data           2  task_camera_move.o(.data)
    pview                                    0x200000b0   Data           4  task_camera_move.o(.data)
    count                                    0x200000b4   Data           1  task_drag.o(.data)
    current                                  0x200000b6   Data           2  task_drag.o(.data)
    drag                                     0x200000b8   Data           4  task_drag.o(.data)
    guard_move_data                          0x200000bc   Data           8  task_guard.o(.data)
    rise_act                                 0x200000c4   Data           2  task_car_rise_engineer.o(.data)
    rise_speed_data                          0x200000c6   Data           8  task_car_rise_engineer.o(.data)
    expect_cricle                            0x200000ce   Data           4  task_car_rise_engineer.o(.data)
    test1                                    0x200000d4   Data           4  ui.o(.data)
    test2                                    0x200000d8   Data           4  ui.o(.data)
    test3                                    0x200000dc   Data           4  ui.o(.data)
    test4                                    0x200000e0   Data           4  ui.o(.data)
    speed_test                               0x200000e4   Data           4  ui.o(.data)
    add_times                                0x200000e8   Data           4  ui.o(.data)
    fd_version                               0x200000ec   Data           4  flash_data.o(.data)
    Driver_ID                                0x200000f0   Data           8  motor.o(.data)
    speed_data                               0x200000f8   Data           8  motor.o(.data)
    chassis_V_T                              0x20000100   Data           8  motor.o(.data)
    chassis_V_C                              0x20000108   Data           8  motor.o(.data)
    current_C                                0x20000110   Data           8  motor.o(.data)
    current_T                                0x20000118   Data           8  motor.o(.data)
    CAN_data                                 0x20000120   Data           8  motor.o(.data)
    GAIN_I                                   0x20000128   Data           4  motor.o(.data)
    GAIN_J                                   0x2000012c   Data           4  motor.o(.data)
    GAIN_K                                   0x20000130   Data           4  motor.o(.data)
    pdbus                                    0x20000134   Data           4  dbus.o(.data)
    gpiox                                    0x20000138   Data           4  dbus.o(.data)
    pin                                      0x2000013c   Data           4  dbus.o(.data)
    irq_usart                                0x20000140   Data           1  dbus.o(.data)
    irq_dma                                  0x20000141   Data           1  dbus.o(.data)
    channel                                  0x20000144   Data           4  dbus.o(.data)
    stream                                   0x20000148   Data           4  dbus.o(.data)
    dma_it                                   0x2000014c   Data           4  dbus.o(.data)
    dbus_error_ms                            0x20000150   Data           4  dbus.o(.data)
    dmaif11                                  0x20000154   Data           4  dbus.o(.data)
    dmaif22                                  0x20000158   Data           4  dbus.o(.data)
    dma1_irq_check                           0x2000015c   Data          12  dbus.o(.data)
    dma2_irq_check                           0x20000168   Data          12  dbus.o(.data)
    supply_speed_data                        0x20000174   Data           8  supply_motor.o(.data)
    KeyBox                                   0x2000017c   Data           4  keyboard.o(.data)
    key_msg_front                            0x20000180   Data           1  keyboard.o(.data)
    key_msg_rear                             0x20000181   Data           1  keyboard.o(.data)
    key_msg_flag                             0x20000182   Data           1  keyboard.o(.data)
    pserial                                  0x20000188   Data           4  usart.o(.data)
    serial_init_flag                         0x2000018c   Data           4  usart.o(.data)
    uif1                                     0x20000190   Data           4  usart.o(.data)
    uif2                                     0x20000194   Data           4  usart.o(.data)
    uif3                                     0x20000198   Data           4  usart.o(.data)
    uif4                                     0x2000019c   Data           4  usart.o(.data)
    uif5                                     0x200001a0   Data           4  usart.o(.data)
    usart1_irq_check                         0x200001a4   Data          12  usart.o(.data)
    usart2_irq_check                         0x200001b0   Data          12  usart.o(.data)
    usart3_irq_check                         0x200001bc   Data          12  usart.o(.data)
    usart4_irq_check                         0x200001c8   Data          12  usart.o(.data)
    usart5_irq_check                         0x200001d4   Data          12  usart.o(.data)
    __stdout                                 0x200001e0   Data           4  usart.o(.data)
    V_C_HL                                   0x200001e4   Data           2  can.o(.data)
    V_C_HR                                   0x200001e6   Data           2  can.o(.data)
    V_C_BL                                   0x200001e8   Data           2  can.o(.data)
    V_C_BR                                   0x200001ea   Data           2  can.o(.data)
    angle_HL                                 0x200001ec   Data           2  can.o(.data)
    angle_HR                                 0x200001ee   Data           2  can.o(.data)
    angle_BL                                 0x200001f0   Data           2  can.o(.data)
    angle_BR                                 0x200001f2   Data           2  can.o(.data)
    supply_read_speed                        0x200001f4   Data           2  can.o(.data)
    supply_read_angle                        0x200001f6   Data           2  can.o(.data)
    shoot_speed                              0x200001f8   Data           2  can.o(.data)
    rise_speed                               0x200001fa   Data           4  can.o(.data)
    guard_move_speed                         0x200001fe   Data           4  can.o(.data)
    strech_speed                             0x20000202   Data           2  can.o(.data)
    liftf_read                               0x20000204   Data           2  can.o(.data)
    liftb_read                               0x20000206   Data           2  can.o(.data)
    drag_angle                               0x20000208   Data           2  can.o(.data)
    uhADCxConvertedValue                     0x2000020a   Data           8  adc.o(.data)
    trans_ok                                 0x20000214   Data           1  uart_dma.o(.data)
    DMA_memory_id                            0x20000215   Data           1  uart_dma.o(.data)
    uart_DMA_full_G                          0x20000216   Data           1  uart_dma.o(.data)
    uart_idle_times                          0x20000217   Data           1  uart_dma.o(.data)
    Free_Read_Rst                            0x20000218   Data           1  uart_dma.o(.data)
    uart_idle_G                              0x2000021c   Data           4  uart_dma.o(.data)
    dhead_flash                              0x20000220   Data           8  data_save_lib.o(.data)
    KeyStatus                                0x20000228   Data           2  ui_lib.o(.data)
    Cursor                                   0x2000022c   Data           4  ui_lib.o(.data)
    Cursor_last                              0x20000230   Data           4  ui_lib.o(.data)
    NowPage                                  0x20000234   Data           4  ui_lib.o(.data)
    Menustatus                               0x20000238   Data           4  ui_lib.o(.data)
    uintForNow                               0x2000023c   Data           1  ui_lib.o(.data)
    DataInterval                             0x20000240   Data           4  ui_lib.o(.data)
    DataToChangeNum                          0x20000244   Data           4  ui_lib.o(.data)
    irq_pos                                  0x20000248   Data           1  makos_critical.o(.data)
    tick_callback                            0x2000024c   Data           4  makos_tick.o(.data)
    malloc_cortol                            0x20000250   Data          28  makos_memory.o(.data)
    ptcb_curr                                0x2000026c   Data           4  makos_system.o(.data)
    ptcb_next                                0x20000270   Data           4  makos_system.o(.data)
    system_clock                             0x20000274   Data           4  makos_tick_handle.o(.data)
    print_flag                               0x20000278   Data           1  makos_print.o(.data)
    dhead_print                              0x2000027c   Data           8  makos_print.o(.data)
    cpu_print                                0x20000284   Data           4  makos_idle.o(.data)
    cpu_print_mark                           0x20000288   Data           4  makos_idle.o(.data)
    dhead_resolve                            0x2000028c   Data           8  makos_resolver.o(.data)
    record_flag                              0x20000294   Data           4  makos_record.o(.data)
    record_write                             0x20000298   Data           4  makos_record.o(.data)
    record_print                             0x2000029c   Data           4  makos_record.o(.data)
    chassis_msg                              0x200002b0   Data          28  task_remote.o(.bss)
    holder_msg                               0x200002cc   Data          28  task_remote.o(.bss)
    shoot_msg                                0x200002e8   Data          28  task_remote.o(.bss)
    lift_msg                                 0x20000304   Data          28  task_remote.o(.bss)
    view_msg                                 0x20000320   Data          28  task_remote.o(.bss)
    bullet_msg                               0x2000033c   Data          28  task_remote.o(.bss)
    clip_msg                                 0x20000358   Data          28  task_remote.o(.bss)
    drag_msg                                 0x20000374   Data          28  task_remote.o(.bss)
    give_msg                                 0x20000390   Data          28  task_remote.o(.bss)
    remote_msg                               0x200003ac   Data          28  task_remote.o(.bss)
    task_remote_buff                         0x200003c8   Data          18  task_remote.o(.bss)
    RM6025_set_data                          0x200003dc   Data          20  task_holder.o(.bss)
    pid_holder_x_speed                       0x200003f0   Data          32  task_holder.o(.bss)
    pid_holder_x_position                    0x20000410   Data          48  task_holder.o(.bss)
    pid_holder_y_speed                       0x20000440   Data          32  task_holder.o(.bss)
    pid_holder_y_position                    0x20000460   Data          48  task_holder.o(.bss)
    strech_pid                               0x20000490   Data          44  task_bullet.o(.bss)
    guard_move_pid                           0x200004bc   Data          88  task_guard.o(.bss)
    rise_pid                                 0x20000514   Data          88  task_car_rise_engineer.o(.bss)
    main_page                                0x2000056c   Data         164  ui.o(.bss)
    param_set_page                           0x20000610   Data         164  ui.o(.bss)
    param_set2_page                          0x200006b4   Data         164  ui.o(.bss)
    data_Show_page                           0x20000758   Data         164  ui.o(.bss)
    FD                                       0x200007fc   Data          16  flash_data.o(.bss)
    Pid_speed                                0x2000080c   Data         112  pid.o(.bss)
    Pid_current                              0x2000087c   Data         128  pid.o(.bss)
    PID_follow                               0x200008fc   Data          28  pid.o(.bss)
    remote_buff                              0x20000918   Data          18  dbus.o(.bss)
    key_msg                                  0x2000092a   Data          20  keyboard.o(.bss)
    motor_circle                             0x20000940   Data         128  can.o(.bss)
    motor_circle_simple                      0x200009c0   Data         128  can.o(.bss)
    irq_stat                                 0x20000a40   Data          40  makos_critical.o(.bss)
    mem1base                                 0x20000a68   Data       102400  makos_memory.o(.bss)
    mem1mapbase                              0x20019a68   Data        6400  makos_memory.o(.bss)
    system_param                             0x2001b368   Data          84  makos_system.o(.bss)
    pipe_resolver                            0x2001b3bc   Data          20  makos_resolver.o(.bss)
    record_buff                              0x2001b3d0   Data        1024  makos_record.o(.bss)
    __libspace_start                         0x2001b7d0   Data          96  libspace.o(.bss)
    __temporary_stack_top$libspace           0x2001b830   Data           0  libspace.o(.bss)
    mem2base                                 0x68000000   Data       983040  makos_memory.o(.ARM.__AT_0x68000000)
    mem2mapbase                              0x680f0000   Data       61440  makos_memory.o(.ARM.__AT_0x680F0000)



==============================================================================

Memory Map of the image

  Image Entry point : 0x08000189

  Load Region LR_IROM1 (Base: 0x08000000, Size: 0x0000d378, Max: 0x00100000, ABSOLUTE, COMPRESSED[0x0000d164])

    Execution Region ER_IROM1 (Base: 0x08000000, Size: 0x0000d0c8, Max: 0x00100000, ABSOLUTE)

    Base Addr    Size         Type   Attr      Idx    E Section Name        Object

    0x08000000   0x00000188   Data   RO         9820    RESET               startup_stm32f40xx.o
    0x08000188   0x00000008   Code   RO         9959  * !!!main             c_w.l(__main.o)
    0x08000190   0x00000034   Code   RO        10354    !!!scatter          c_w.l(__scatter.o)
    0x080001c4   0x0000005a   Code   RO        10352    !!dczerorl2         c_w.l(__dczerorl2.o)
    0x0800021e   0x00000002   PAD
    0x08000220   0x0000001c   Code   RO        10356    !!handler_zi        c_w.l(__scatter_zi.o)
    0x0800023c   0x00000000   Code   RO         9946    .ARM.Collect$$_printf_percent$$00000000  c_w.l(_printf_percent.o)
    0x0800023c   0x00000006   Code   RO         9945    .ARM.Collect$$_printf_percent$$00000003  c_w.l(_printf_f.o)
    0x08000242   0x00000006   Code   RO         9944    .ARM.Collect$$_printf_percent$$00000009  c_w.l(_printf_d.o)
    0x08000248   0x00000006   Code   RO         9943    .ARM.Collect$$_printf_percent$$0000000C  c_w.l(_printf_x.o)
    0x0800024e   0x00000006   Code   RO         9942    .ARM.Collect$$_printf_percent$$00000014  c_w.l(_printf_s.o)
    0x08000254   0x00000004   Code   RO        10105    .ARM.Collect$$_printf_percent$$00000017  c_w.l(_printf_percent_end.o)
    0x08000258   0x00000002   Code   RO        10294    .ARM.Collect$$libinit$$00000000  c_w.l(libinit.o)
    0x0800025a   0x00000004   Code   RO        10110    .ARM.Collect$$libinit$$00000001  c_w.l(libinit2.o)
    0x0800025e   0x00000000   Code   RO        10114    .ARM.Collect$$libinit$$00000008  c_w.l(libinit2.o)
    0x0800025e   0x00000000   Code   RO        10116    .ARM.Collect$$libinit$$0000000A  c_w.l(libinit2.o)
    0x0800025e   0x00000000   Code   RO        10118    .ARM.Collect$$libinit$$0000000C  c_w.l(libinit2.o)
    0x0800025e   0x00000006   Code   RO        10119    .ARM.Collect$$libinit$$0000000D  c_w.l(libinit2.o)
    0x08000264   0x00000000   Code   RO        10121    .ARM.Collect$$libinit$$0000000F  c_w.l(libinit2.o)
    0x08000264   0x00000000   Code   RO        10123    .ARM.Collect$$libinit$$00000011  c_w.l(libinit2.o)
    0x08000264   0x00000000   Code   RO        10125    .ARM.Collect$$libinit$$00000013  c_w.l(libinit2.o)
    0x08000264   0x0000000a   Code   RO        10126    .ARM.Collect$$libinit$$00000014  c_w.l(libinit2.o)
    0x0800026e   0x00000000   Code   RO        10127    .ARM.Collect$$libinit$$00000015  c_w.l(libinit2.o)
    0x0800026e   0x00000000   Code   RO        10129    .ARM.Collect$$libinit$$00000017  c_w.l(libinit2.o)
    0x0800026e   0x00000000   Code   RO        10131    .ARM.Collect$$libinit$$00000019  c_w.l(libinit2.o)
    0x0800026e   0x00000000   Code   RO        10133    .ARM.Collect$$libinit$$0000001B  c_w.l(libinit2.o)
    0x0800026e   0x00000000   Code   RO        10135    .ARM.Collect$$libinit$$0000001D  c_w.l(libinit2.o)
    0x0800026e   0x00000000   Code   RO        10137    .ARM.Collect$$libinit$$0000001F  c_w.l(libinit2.o)
    0x0800026e   0x00000000   Code   RO        10139    .ARM.Collect$$libinit$$00000021  c_w.l(libinit2.o)
    0x0800026e   0x00000000   Code   RO        10141    .ARM.Collect$$libinit$$00000023  c_w.l(libinit2.o)
    0x0800026e   0x00000000   Code   RO        10145    .ARM.Collect$$libinit$$0000002A  c_w.l(libinit2.o)
    0x0800026e   0x00000000   Code   RO        10147    .ARM.Collect$$libinit$$0000002C  c_w.l(libinit2.o)
    0x0800026e   0x00000000   Code   RO        10149    .ARM.Collect$$libinit$$0000002E  c_w.l(libinit2.o)
    0x0800026e   0x00000000   Code   RO        10151    .ARM.Collect$$libinit$$00000030  c_w.l(libinit2.o)
    0x0800026e   0x00000002   Code   RO        10152    .ARM.Collect$$libinit$$00000031  c_w.l(libinit2.o)
    0x08000270   0x00000002   Code   RO        10349    .ARM.Collect$$libshutdown$$00000000  c_w.l(libshutdown.o)
    0x08000272   0x00000000   Code   RO        10307    .ARM.Collect$$libshutdown$$00000003  c_w.l(libshutdown2.o)
    0x08000272   0x00000000   Code   RO        10310    .ARM.Collect$$libshutdown$$00000006  c_w.l(libshutdown2.o)
    0x08000272   0x00000000   Code   RO        10313    .ARM.Collect$$libshutdown$$00000009  c_w.l(libshutdown2.o)
    0x08000272   0x00000000   Code   RO        10315    .ARM.Collect$$libshutdown$$0000000B  c_w.l(libshutdown2.o)
    0x08000272   0x00000000   Code   RO        10318    .ARM.Collect$$libshutdown$$0000000E  c_w.l(libshutdown2.o)
    0x08000272   0x00000002   Code   RO        10319    .ARM.Collect$$libshutdown$$0000000F  c_w.l(libshutdown2.o)
    0x08000274   0x00000000   Code   RO        10069    .ARM.Collect$$rtentry$$00000000  c_w.l(rtentry.o)
    0x08000274   0x00000000   Code   RO        10185    .ARM.Collect$$rtentry$$00000002  c_w.l(rtentry2.o)
    0x08000274   0x00000006   Code   RO        10197    .ARM.Collect$$rtentry$$00000004  c_w.l(rtentry4.o)
    0x0800027a   0x00000000   Code   RO        10187    .ARM.Collect$$rtentry$$00000009  c_w.l(rtentry2.o)
    0x0800027a   0x00000004   Code   RO        10188    .ARM.Collect$$rtentry$$0000000A  c_w.l(rtentry2.o)
    0x0800027e   0x00000000   Code   RO        10190    .ARM.Collect$$rtentry$$0000000C  c_w.l(rtentry2.o)
    0x0800027e   0x00000008   Code   RO        10191    .ARM.Collect$$rtentry$$0000000D  c_w.l(rtentry2.o)
    0x08000286   0x00000002   Code   RO        10295    .ARM.Collect$$rtexit$$00000000  c_w.l(rtexit.o)
    0x08000288   0x00000000   Code   RO        10323    .ARM.Collect$$rtexit$$00000002  c_w.l(rtexit2.o)
    0x08000288   0x00000004   Code   RO        10324    .ARM.Collect$$rtexit$$00000003  c_w.l(rtexit2.o)
    0x0800028c   0x00000006   Code   RO        10325    .ARM.Collect$$rtexit$$00000004  c_w.l(rtexit2.o)
    0x08000292   0x00000002   PAD
    0x08000294   0x0000004c   Code   RO         5865    .emb_text           makos_pendsv.o
    0x080002e0   0x00000040   Code   RO         9821    .text               startup_stm32f40xx.o
    0x08000320   0x00000002   Code   RO         9827    .text               c_w.l(use_no_semi_2.o)
    0x08000322   0x00000002   PAD
    0x08000324   0x00000018   Code   RO         9893    .text               c_w.l(noretval__2printf.o)
    0x0800033c   0x00000052   Code   RO         9897    .text               c_w.l(_printf_str.o)
    0x0800038e   0x00000002   PAD
    0x08000390   0x00000074   Code   RO         9899    .text               c_w.l(_printf_dec.o)
    0x08000404   0x00000058   Code   RO         9904    .text               c_w.l(_printf_hex_int.o)
    0x0800045c   0x0000010e   Code   RO         9930    .text               c_w.l(__printf_wp.o)
    0x0800056a   0x00000064   Code   RO         9951    .text               c_w.l(rt_memcpy_w.o)
    0x080005ce   0x0000004e   Code   RO         9953    .text               c_w.l(rt_memclr_w.o)
    0x0800061c   0x00000056   Code   RO         9955    .text               c_w.l(strncpy.o)
    0x08000672   0x00000006   Code   RO         9957    .text               c_w.l(heapauxi.o)
    0x08000678   0x00000002   Code   RO        10065    .text               c_w.l(use_no_semi.o)
    0x0800067a   0x000000b2   Code   RO        10097    .text               c_w.l(_printf_intcommon.o)
    0x0800072c   0x00000416   Code   RO        10099    .text               c_w.l(_printf_fp_dec.o)
    0x08000b42   0x0000002c   Code   RO        10101    .text               c_w.l(_printf_char.o)
    0x08000b6e   0x00000002   PAD
    0x08000b70   0x00000024   Code   RO        10103    .text               c_w.l(_printf_char_file.o)
    0x08000b94   0x00000044   Code   RO        10106    .text               c_w.l(rt_memclr.o)
    0x08000bd8   0x00000008   Code   RO        10181    .text               c_w.l(libspace.o)
    0x08000be0   0x00000008   Code   RO        10202    .text               c_w.l(rt_locale_intlibspace.o)
    0x08000be8   0x0000008a   Code   RO        10217    .text               c_w.l(lludiv10.o)
    0x08000c72   0x00000002   PAD
    0x08000c74   0x00000030   Code   RO        10219    .text               c_w.l(_printf_char_common.o)
    0x08000ca4   0x00000080   Code   RO        10221    .text               c_w.l(_printf_fp_infnan.o)
    0x08000d24   0x000000d8   Code   RO        10223    .text               c_w.l(bigflt0.o)
    0x08000dfc   0x00000008   Code   RO        10248    .text               c_w.l(ferror.o)
    0x08000e04   0x0000004a   Code   RO        10269    .text               c_w.l(sys_stackheap_outer.o)
    0x08000e4e   0x0000000c   Code   RO        10277    .text               c_w.l(exit.o)
    0x08000e5a   0x00000002   PAD
    0x08000e5c   0x00000080   Code   RO        10283    .text               c_w.l(strcmpv7m.o)
    0x08000edc   0x0000003e   Code   RO        10226    CL$$btod_d2e        c_w.l(btod.o)
    0x08000f1a   0x00000046   Code   RO        10228    CL$$btod_d2e_denorm_low  c_w.l(btod.o)
    0x08000f60   0x00000060   Code   RO        10227    CL$$btod_d2e_norm_op1  c_w.l(btod.o)
    0x08000fc0   0x00000338   Code   RO        10236    CL$$btod_div_common  c_w.l(btod.o)
    0x080012f8   0x000000c6   Code   RO        10233    CL$$btod_e2e        c_w.l(btod.o)
    0x080013be   0x00000028   Code   RO        10230    CL$$btod_ediv       c_w.l(btod.o)
    0x080013e6   0x00000028   Code   RO        10229    CL$$btod_emul       c_w.l(btod.o)
    0x0800140e   0x00000244   Code   RO        10235    CL$$btod_mult_common  c_w.l(btod.o)
    0x08001652   0x00000016   Code   RO         7268    i.ADC_Cmd           stm32f4xx_adc.o
    0x08001668   0x00000030   Code   RO         7269    i.ADC_CommonInit    stm32f4xx_adc.o
    0x08001698   0x00000168   Code   RO         5362    i.ADC_Config        adc.o
    0x08001800   0x00000016   Code   RO         7272    i.ADC_DMACmd        stm32f4xx_adc.o
    0x08001816   0x00000016   Code   RO         7273    i.ADC_DMARequestAfterLastTransferCmd  stm32f4xx_adc.o
    0x0800182c   0x00000054   Code   RO         7288    i.ADC_Init          stm32f4xx_adc.o
    0x08001880   0x000000b8   Code   RO         7293    i.ADC_RegularChannelConfig  stm32f4xx_adc.o
    0x08001938   0x0000000a   Code   RO         7295    i.ADC_SoftwareStartConv  stm32f4xx_adc.o
    0x08001942   0x00000002   PAD
    0x08001944   0x00000020   Code   RO         7022    i.BusFault_Handler  stm32f4xx_it.o
    0x08001964   0x00000018   Code   RO         5183    i.CAN1_Configuration  can.o
    0x0800197c   0x00000050   Code   RO         5184    i.CAN1_GPIO_Configuration  can.o
    0x080019cc   0x0000003c   Code   RO         5185    i.CAN1_NVIC_Configuration  can.o
    0x08001a08   0x00000150   Code   RO         5186    i.CAN1_RX0_IRQHandler  can.o
    0x08001b58   0x0000001c   Code   RO         5187    i.CAN1_TX_IRQHandler  can.o
    0x08001b74   0x000000a0   Code   RO         5188    i.CAN1_mode_Configuration  can.o
    0x08001c14   0x00000160   Code   RO         5189    i.CAN2_RX0_IRQHandler  can.o
    0x08001d74   0x0000001c   Code   RO         5190    i.CAN2_TX_IRQHandler  can.o
    0x08001d90   0x00000038   Code   RO         7515    i.CAN_ClearFlag     stm32f4xx_can.o
    0x08001dc8   0x000000a8   Code   RO         7516    i.CAN_ClearITPendingBit  stm32f4xx_can.o
    0x08001e70   0x00000038   Code   RO         7518    i.CAN_DeInit        stm32f4xx_can.o
    0x08001ea8   0x00000108   Code   RO         7520    i.CAN_FilterInit    stm32f4xx_can.o
    0x08001fb0   0x00000120   Code   RO         7522    i.CAN_GetITStatus   stm32f4xx_can.o
    0x080020d0   0x00000012   Code   RO         7526    i.CAN_ITConfig      stm32f4xx_can.o
    0x080020e2   0x00000114   Code   RO         7527    i.CAN_Init          stm32f4xx_can.o
    0x080021f6   0x000000f0   Code   RO         7530    i.CAN_Receive       stm32f4xx_can.o
    0x080022e6   0x00000020   Code   RO         7533    i.CAN_StructInit    stm32f4xx_can.o
    0x08002306   0x00000126   Code   RO         7535    i.CAN_Transmit      stm32f4xx_can.o
    0x0800242c   0x00000280   Code   RO         5788    i.ChangeData        ui_lib.o
    0x080026ac   0x00000012   Code   RO         7538    i.CheckITStatus     stm32f4xx_can.o
    0x080026be   0x00000002   PAD
    0x080026c0   0x00000044   Code   RO         5589    i.DMA1_Stream1_IRQHandler  uart_dma.o
    0x08002704   0x00000040   Code   RO         2585    i.DMA2_Stream2_IRQHandler  dbus.o
    0x08002744   0x00000034   Code   RO         7685    i.DMA_ClearITPendingBit  stm32f4xx_dma.o
    0x08002778   0x00000016   Code   RO         7686    i.DMA_Cmd           stm32f4xx_dma.o
    0x0800278e   0x00000002   PAD
    0x08002790   0x00000158   Code   RO         7687    i.DMA_DeInit        stm32f4xx_dma.o
    0x080028e8   0x00000014   Code   RO         7693    i.DMA_GetCurrentMemoryTarget  stm32f4xx_dma.o
    0x080028fc   0x00000064   Code   RO         7696    i.DMA_GetITStatus   stm32f4xx_dma.o
    0x08002960   0x0000003a   Code   RO         7697    i.DMA_ITConfig      stm32f4xx_dma.o
    0x0800299a   0x00000002   PAD
    0x0800299c   0x00000058   Code   RO         7698    i.DMA_Init          stm32f4xx_dma.o
    0x080029f4   0x00000020   Code   RO         7023    i.DebugMon_Handler  stm32f4xx_it.o
    0x08002a14   0x0000002c   Code   RO         2129    i.FD_check          flash_data.o
    0x08002a40   0x0000012c   Code   RO         2130    i.FD_print          flash_data.o
    0x08002b6c   0x00000068   Code   RO         2131    i.FD_set            flash_data.o
    0x08002bd4   0x0000000c   Code   RO         7888    i.FLASH_ClearFlag   stm32f4xx_flash.o
    0x08002be0   0x00000088   Code   RO         7894    i.FLASH_EraseSector  stm32f4xx_flash.o
    0x08002c68   0x00000054   Code   RO         7896    i.FLASH_GetStatus   stm32f4xx_flash.o
    0x08002cbc   0x00000014   Code   RO         7900    i.FLASH_Lock        stm32f4xx_flash.o
    0x08002cd0   0x00000050   Code   RO         7923    i.FLASH_ProgramHalfWord  stm32f4xx_flash.o
    0x08002d20   0x00000050   Code   RO         7924    i.FLASH_ProgramWord  stm32f4xx_flash.o
    0x08002d70   0x00000024   Code   RO         7926    i.FLASH_Unlock      stm32f4xx_flash.o
    0x08002d94   0x00000022   Code   RO         7927    i.FLASH_WaitForLastOperation  stm32f4xx_flash.o
    0x08002db6   0x00000002   PAD
    0x08002db8   0x0000001c   Code   RO         7024    i.FPU_IRQHandler    stm32f4xx_it.o
    0x08002dd4   0x00000024   Code   RO         5117    i.Flash_EraseSector  stm32_flash.o
    0x08002df8   0x0000001a   Code   RO         5119    i.Flash_Read32BitDatas  stm32_flash.o
    0x08002e12   0x00000076   Code   RO         5121    i.Flash_Write16BitDatas  stm32_flash.o
    0x08002e88   0x00000074   Code   RO         5122    i.Flash_Write32BitDatas  stm32_flash.o
    0x08002efc   0x0000001e   Code   RO         5714    i.Float2U32         data_save_lib.o
    0x08002f1a   0x00000090   Code   RO         8150    i.GPIO_Init         stm32f4xx_gpio.o
    0x08002faa   0x00000046   Code   RO         8151    i.GPIO_PinAFConfig  stm32f4xx_gpio.o
    0x08002ff0   0x00000012   Code   RO         8154    i.GPIO_ReadInputDataBit  stm32f4xx_gpio.o
    0x08003002   0x00000004   Code   RO         8157    i.GPIO_ResetBits    stm32f4xx_gpio.o
    0x08003006   0x00000004   Code   RO         8158    i.GPIO_SetBits      stm32f4xx_gpio.o
    0x0800300a   0x0000001c   Code   RO         5439    i.GetData           iic.o
    0x08003026   0x00000002   PAD
    0x08003028   0x000000e4   Code   RO         5124    i.GetSector         stm32_flash.o
    0x0800310c   0x0000006c   Code   RO         2895    i.Get_KeyFifo       keyboard.o
    0x08003178   0x00000034   Code   RO         7025    i.HardFault_Handler  stm32f4xx_it.o
    0x080031ac   0x00000018   Code   RO         8255    i.I2C_AcknowledgeConfig  stm32f4xx_i2c.o
    0x080031c4   0x000002c4   Code   RO         5440    i.I2C_ByteRead      iic.o
    0x08003488   0x00000080   Code   RO         5441    i.I2C_ByteWrite     iic.o
    0x08003508   0x0000002a   Code   RO         8258    i.I2C_CheckEvent    stm32f4xx_i2c.o
    0x08003532   0x00000018   Code   RO         8261    i.I2C_Cmd           stm32f4xx_i2c.o
    0x0800354a   0x00000002   PAD
    0x0800354c   0x00000060   Code   RO         8264    i.I2C_DeInit        stm32f4xx_i2c.o
    0x080035ac   0x00000018   Code   RO         8269    i.I2C_GenerateSTART  stm32f4xx_i2c.o
    0x080035c4   0x00000018   Code   RO         8270    i.I2C_GenerateSTOP  stm32f4xx_i2c.o
    0x080035dc   0x0000003a   Code   RO         8271    i.I2C_GetFlagStatus  stm32f4xx_i2c.o
    0x08003616   0x00000002   PAD
    0x08003618   0x000000e8   Code   RO         8276    i.I2C_Init          stm32f4xx_i2c.o
    0x08003700   0x000000a0   Code   RO         5442    i.I2C_RESET         iic.o
    0x080037a0   0x00000008   Code   RO         8281    i.I2C_ReceiveData   stm32f4xx_i2c.o
    0x080037a8   0x00000010   Code   RO         8283    i.I2C_Send7bitAddress  stm32f4xx_i2c.o
    0x080037b8   0x00000004   Code   RO         8284    i.I2C_SendData      stm32f4xx_i2c.o
    0x080037bc   0x0000009c   Code   RO         5443    i.IIC_Config        iic.o
    0x08003858   0x00000100   Code   RO         5789    i.Key_Event         ui_lib.o
    0x08003958   0x0000002c   Code   RO         5444    i.MPU6050_Init      iic.o
    0x08003984   0x00000020   Code   RO         7026    i.MemManage_Handler  stm32f4xx_it.o
    0x080039a4   0x0000001c   Code   RO         7027    i.NMI_Handler       stm32f4xx_it.o
    0x080039c0   0x00000078   Code   RO         7136    i.NVIC_Init         misc.o
    0x08003a38   0x00000014   Code   RO         7137    i.NVIC_PriorityGroupConfig  misc.o
    0x08003a4c   0x00000048   Code   RO         2792    i.OLED_Clear        oled.o
    0x08003a94   0x000001c0   Code   RO         2796    i.OLED_Init         oled.o
    0x08003c54   0x000000f8   Code   RO         2797    i.OLED_PrintVar     oled.o
    0x08003d4c   0x00000034   Code   RO         2798    i.OLED_Set_Pos      oled.o
    0x08003d80   0x00000058   Code   RO         2800    i.OLED_ShowChar     oled.o
    0x08003dd8   0x00000088   Code   RO         2801    i.OLED_ShowNum      oled.o
    0x08003e60   0x0000004c   Code   RO         2802    i.OLED_ShowString   oled.o
    0x08003eac   0x00000080   Code   RO         2803    i.OLED_WR_Byte      oled.o
    0x08003f2c   0x00000028   Code   RO         1826    i.OLED_data_save    ui.o
    0x08003f54   0x00000014   Code   RO         1827    i.OS_menu           ui.o
    0x08003f68   0x0000012c   Code   RO         2209    i.PID_IncrementMode_Yaw  holder_pid.o
    0x08004094   0x00000038   Code   RO         2288    i.PID_Struct_Init   pid.o
    0x080040cc   0x00000030   Code   RO         2289    i.PID_Struct_Init_abs  pid.o
    0x080040fc   0x000000ec   Code   RO         2290    i.PID_Update_Absolute2  pid.o
    0x080041e8   0x000000da   Code   RO         2291    i.PID_Update_Incre  pid.o
    0x080042c2   0x00000132   Code   RO         2212    i.PID_Update_Yaw    holder_pid.o
    0x080043f4   0x0000003c   Code   RO         2292    i.PID_current_Init  pid.o
    0x08004430   0x00000040   Code   RO         2293    i.PID_speed_Init    pid.o
    0x08004470   0x00000020   Code   RO         8485    i.RCC_AHB1PeriphClockCmd  stm32f4xx_rcc.o
    0x08004490   0x00000020   Code   RO         8494    i.RCC_APB1PeriphClockCmd  stm32f4xx_rcc.o
    0x080044b0   0x00000020   Code   RO         8496    i.RCC_APB1PeriphResetCmd  stm32f4xx_rcc.o
    0x080044d0   0x00000020   Code   RO         8497    i.RCC_APB2PeriphClockCmd  stm32f4xx_rcc.o
    0x080044f0   0x00000020   Code   RO         8499    i.RCC_APB2PeriphResetCmd  stm32f4xx_rcc.o
    0x08004510   0x000000e8   Code   RO         8506    i.RCC_GetClocksFreq  stm32f4xx_rcc.o
    0x080045f8   0x00000026   Code   RO          866    i.RM6025_set_data_init  task_holder.o
    0x0800461e   0x00000002   PAD
    0x08004620   0x00000034   Code   RO          868    i.RM6025_set_yaw    task_holder.o
    0x08004654   0x00000050   Code   RO          869    i.RM6025_set_yaw_pitch  task_holder.o
    0x080046a4   0x000000c0   Code   RO         1200    i.SAVE              task_drag.o
    0x08004764   0x0000001c   Code   RO         7028    i.SVC_Handler       stm32f4xx_it.o
    0x08004780   0x00000070   Code   RO         2896    i.SendToFifo        keyboard.o
    0x080047f0   0x000000ec   Code   RO         7095    i.SetSysClock       system_stm32f4xx.o
    0x080048dc   0x00000010   Code   RO         5925    i.SysTick_Handler   makos_tick.o
    0x080048ec   0x00000068   Code   RO         7097    i.SystemInit        system_stm32f4xx.o
    0x08004954   0x0000003a   Code   RO         9057    i.TI1_Config        stm32f4xx_tim.o
    0x0800498e   0x00000050   Code   RO         9058    i.TI2_Config        stm32f4xx_tim.o
    0x080049de   0x00000048   Code   RO         9059    i.TI3_Config        stm32f4xx_tim.o
    0x08004a26   0x00000050   Code   RO         9060    i.TI4_Config        stm32f4xx_tim.o
    0x08004a76   0x00000002   PAD
    0x08004a78   0x000000cc   Code   RO         5535    i.TIM3_init         tim3_4.o
    0x08004b44   0x00000020   Code   RO         5838    i.TIM4_IRQHandler   time.o
    0x08004b64   0x00000064   Code   RO         5839    i.TIM4_Init         time.o
    0x08004bc8   0x000000bc   Code   RO         5536    i.TIM4_init         tim3_4.o
    0x08004c84   0x00000018   Code   RO         9061    i.TIM_ARRPreloadConfig  stm32f4xx_tim.o
    0x08004c9c   0x00000006   Code   RO         9067    i.TIM_ClearFlag     stm32f4xx_tim.o
    0x08004ca2   0x00000006   Code   RO         9068    i.TIM_ClearITPendingBit  stm32f4xx_tim.o
    0x08004ca8   0x00000018   Code   RO         9073    i.TIM_Cmd           stm32f4xx_tim.o
    0x08004cc0   0x0000001e   Code   RO         9075    i.TIM_CtrlPWMOutputs  stm32f4xx_tim.o
    0x08004cde   0x00000002   PAD
    0x08004ce0   0x00000190   Code   RO         9078    i.TIM_DeInit        stm32f4xx_tim.o
    0x08004e70   0x00000042   Code   RO         9082    i.TIM_EncoderInterfaceConfig  stm32f4xx_tim.o
    0x08004eb2   0x00000022   Code   RO         9094    i.TIM_GetITStatus   stm32f4xx_tim.o
    0x08004ed4   0x0000006e   Code   RO         9096    i.TIM_ICInit        stm32f4xx_tim.o
    0x08004f42   0x00000012   Code   RO         9097    i.TIM_ICStructInit  stm32f4xx_tim.o
    0x08004f54   0x00000012   Code   RO         9098    i.TIM_ITConfig      stm32f4xx_tim.o
    0x08004f66   0x00000002   PAD
    0x08004f68   0x0000007c   Code   RO         9102    i.TIM_OC1Init       stm32f4xx_tim.o
    0x08004fe4   0x00000012   Code   RO         9105    i.TIM_OC1PreloadConfig  stm32f4xx_tim.o
    0x08004ff6   0x00000002   PAD
    0x08004ff8   0x000000a4   Code   RO         9107    i.TIM_OC2Init       stm32f4xx_tim.o
    0x0800509c   0x0000001a   Code   RO         9110    i.TIM_OC2PreloadConfig  stm32f4xx_tim.o
    0x080050b6   0x00000002   PAD
    0x080050b8   0x000000a0   Code   RO         9112    i.TIM_OC3Init       stm32f4xx_tim.o
    0x08005158   0x00000012   Code   RO         9115    i.TIM_OC3PreloadConfig  stm32f4xx_tim.o
    0x0800516a   0x00000002   PAD
    0x0800516c   0x00000078   Code   RO         9117    i.TIM_OC4Init       stm32f4xx_tim.o
    0x080051e4   0x0000001a   Code   RO         9119    i.TIM_OC4PreloadConfig  stm32f4xx_tim.o
    0x080051fe   0x00000012   Code   RO         9140    i.TIM_SetIC1Prescaler  stm32f4xx_tim.o
    0x08005210   0x0000001a   Code   RO         9141    i.TIM_SetIC2Prescaler  stm32f4xx_tim.o
    0x0800522a   0x00000012   Code   RO         9142    i.TIM_SetIC3Prescaler  stm32f4xx_tim.o
    0x0800523c   0x0000001a   Code   RO         9143    i.TIM_SetIC4Prescaler  stm32f4xx_tim.o
    0x08005256   0x00000002   PAD
    0x08005258   0x00000084   Code   RO         9145    i.TIM_TimeBaseInit  stm32f4xx_tim.o
    0x080052dc   0x00000012   Code   RO         9146    i.TIM_TimeBaseStructInit  stm32f4xx_tim.o
    0x080052ee   0x00000006   Code   RO         5715    i.U322Float         data_save_lib.o
    0x080052f4   0x00000040   Code   RO         5008    i.UART4_IRQHandler  usart.o
    0x08005334   0x00000040   Code   RO         5009    i.UART5_IRQHandler  usart.o
    0x08005374   0x000000e4   Code   RO         5790    i.UI_show           ui_lib.o
    0x08005458   0x00000040   Code   RO         5010    i.USART1_IRQHandler  usart.o
    0x08005498   0x00000040   Code   RO         5011    i.USART2_IRQHandler  usart.o
    0x080054d8   0x00000040   Code   RO         5012    i.USART3_IRQHandler  usart.o
    0x08005518   0x0000001e   Code   RO         9627    i.USART_ClearITPendingBit  stm32f4xx_usart.o
    0x08005536   0x00000018   Code   RO         9630    i.USART_Cmd         stm32f4xx_usart.o
    0x0800554e   0x00000012   Code   RO         9631    i.USART_DMACmd      stm32f4xx_usart.o
    0x08005560   0x000000f0   Code   RO         9632    i.USART_DeInit      stm32f4xx_usart.o
    0x08005650   0x0000001a   Code   RO         9633    i.USART_GetFlagStatus  stm32f4xx_usart.o
    0x0800566a   0x00000054   Code   RO         9634    i.USART_GetITStatus  stm32f4xx_usart.o
    0x080056be   0x0000004a   Code   RO         9636    i.USART_ITConfig    stm32f4xx_usart.o
    0x08005708   0x000000d4   Code   RO         9637    i.USART_Init        stm32f4xx_usart.o
    0x080057dc   0x00000008   Code   RO         9647    i.USART_SendData    stm32f4xx_usart.o
    0x080057e4   0x00000024   Code   RO         7029    i.UsageFault_Handler  stm32f4xx_it.o
    0x08005808   0x00000030   Code   RO        10174    i.__ARM_fpclassify  m_wm.l(fpclassify.o)
    0x08005838   0x0000000e   Code   RO         9932    i._is_digit         c_w.l(__printf_wp.o)
    0x08005846   0x00000006   Code   RO         5013    i._sys_exit         usart.o
    0x0800584c   0x00000094   Code   RO          682    i.ad_filter         task_chassis.o
    0x080058e0   0x0000000c   Code   RO          683    i.adc_print         task_chassis.o
    0x080058ec   0x00000010   Code   RO         1009    i.bullet_control    task_bullet.o
    0x080058fc   0x00000020   Code   RO         1099    i.camera_move       task_camera_move.o
    0x0800591c   0x00000018   Code   RO         5191    i.can2_Configuration  can.o
    0x08005934   0x00000058   Code   RO         5192    i.can2_GPIO_Configuration  can.o
    0x0800598c   0x0000003c   Code   RO         5193    i.can2_NVIC_Configuration  can.o
    0x080059c8   0x000000a4   Code   RO         5194    i.can2_mode_Configuration  can.o
    0x08005a6c   0x00000024   Code   RO         5195    i.can_set           can.o
    0x08005a90   0x00000070   Code   RO         1062    i.car_clip          task_clip.o
    0x08005b00   0x00000002   Code   RO         1413    i.car_rise          task_car_rise_engineer.o
    0x08005b02   0x00000002   PAD
    0x08005b04   0x0000011c   Code   RO         1414    i.car_rise_init     task_car_rise_engineer.o
    0x08005c20   0x0000015c   Code   RO         1415    i.car_rise_motor    task_car_rise_engineer.o
    0x08005d7c   0x00000204   Code   RO         2509    i.chassis_move      motor.o
    0x08005f80   0x0000000e   Code   RO         2510    i.chassis_stop      motor.o
    0x08005f8e   0x0000003c   Code   RO         5197    i.circle_count      can.o
    0x08005fca   0x00000032   Code   RO         5198    i.circle_count_simple  can.o
    0x08005ffc   0x00000050   Code   RO         5716    i.data_read         data_save_lib.o
    0x0800604c   0x00000058   Code   RO         5717    i.data_save         data_save_lib.o
    0x080060a4   0x00000010   Code   RO         1828    i.data_show         ui.o
    0x080060b4   0x00000068   Code   RO         1829    i.data_show_callback  ui.o
    0x0800611c   0x00000038   Code   RO         2023    i.datasave_set      data_save.o
    0x08006154   0x00000088   Code   RO         2586    i.dbus_buff_checked  dbus.o
    0x080061dc   0x0000007c   Code   RO         2587    i.dbus_error_handle  dbus.o
    0x08006258   0x00000240   Code   RO         2588    i.dbus_init         dbus.o
    0x08006498   0x00000038   Code   RO         2589    i.dbus_mode_dma     dbus.o
    0x080064d0   0x0000003c   Code   RO         2590    i.dbus_mode_usart   dbus.o
    0x0800650c   0x00000026   Code   RO         6641    i.dndqueue_add_last  makos_dnode_queue.o
    0x08006532   0x0000000c   Code   RO         6642    i.dndqueue_init     makos_dnode_queue.o
    0x0800653e   0x0000000e   Code   RO         5978    i.dnode_add_first   makos_doublelist.o
    0x0800654c   0x0000000e   Code   RO         5979    i.dnode_add_last    makos_doublelist.o
    0x0800655a   0x00000006   Code   RO         5982    i.dnode_head_init   makos_doublelist.o
    0x08006560   0x00000014   Code   RO         5984    i.dnode_remove      makos_doublelist.o
    0x08006574   0x00000002   Code   RO         2591    i.emptyf            dbus.o
    0x08006576   0x00000002   Code   RO         5014    i.emptyf            usart.o
    0x08006578   0x0000002c   Code   RO         5718    i.flash_list_add    data_save_lib.o
    0x080065a4   0x00000010   Code   RO         5719    i.flash_list_init   data_save_lib.o
    0x080065b4   0x0000007c   Code   RO         5015    i.fputc             usart.o
    0x08006630   0x00000030   Code   RO         6893    i.get_memory_info   makos_record.o
    0x08006660   0x00000048   Code   RO         6894    i.get_stack         makos_record.o
    0x080066a8   0x0000001c   Code   RO         5538    i.give_motor_close  tim3_4.o
    0x080066c4   0x0000001c   Code   RO         5539    i.give_motor_open   tim3_4.o
    0x080066e0   0x00000010   Code   RO         5540    i.give_motor_stop   tim3_4.o
    0x080066f0   0x00000002   Code   RO         1287    i.guard_move        task_guard.o
    0x080066f2   0x00000002   PAD
    0x080066f4   0x0000011c   Code   RO         1288    i.guard_move_init   task_guard.o
    0x08006810   0x00000010   Code   RO          870    i.holder_control    task_holder.o
    0x08006820   0x00000048   Code   RO         2213    i.holder_pid_init_absolute  holder_pid.o
    0x08006868   0x00000012   Code   RO         2214    i.holder_pid_init_increment  holder_pid.o
    0x0800687a   0x00000002   PAD
    0x0800687c   0x00000014   Code   RO         6594    i.init_tick_callback  makos_tick_handle.o
    0x08006890   0x00000050   Code   RO         5881    i.irq_close         makos_critical.o
    0x080068e0   0x00000002   Code   RO         5507    i.irq_dead_check    irq_dead_check.o
    0x080068e2   0x00000002   PAD
    0x080068e4   0x0000004c   Code   RO         5882    i.irq_restore       makos_critical.o
    0x08006930   0x00000020   Code   RO          684    i.is_2s_interval    task_chassis.o
    0x08006950   0x00000058   Code   RO         2898    i.key_get           keyboard.o
    0x080069a8   0x00000074   Code   RO         2899    i.key_init          keyboard.o
    0x08006a1c   0x00000098   Code   RO         2900    i.key_scan          keyboard.o
    0x08006ab4   0x0000011c   Code   RO            4    i.main              main.o
    0x08006bd0   0x000000dc   Code   RO         6964    i.mak_print         mak_print.o
    0x08006cac   0x000000f0   Code   RO         6966    i.mak_print_float   mak_print.o
    0x08006d9c   0x00000056   Code   RO         6967    i.mak_print_s32     mak_print.o
    0x08006df2   0x00000016   Code   RO         6968    i.mak_print_string  mak_print.o
    0x08006e08   0x00000018   Code   RO         6969    i.mak_print_u8      mak_print.o
    0x08006e20   0x0000002c   Code   RO         6374    i.makos_get_prio_highest  makos_system.o
    0x08006e4c   0x00000118   Code   RO         6375    i.makos_init        makos_system.o
    0x08006f64   0x0000005c   Code   RO         6376    i.makos_run         makos_system.o
    0x08006fc0   0x0000004c   Code   RO         6377    i.makos_update_switch  makos_system.o
    0x0800700c   0x0000001a   Code   RO          391    i.memcopy           task_remote.o
    0x08007026   0x00000002   PAD
    0x08007028   0x0000003c   Code   RO         2176    i.mpid_init         mak_pid.o
    0x08007064   0x000000ec   Code   RO         2178    i.mpid_v            mak_pid.o
    0x08007150   0x00000016   Code   RO         6442    i.msg_get_read_try  makos_message.o
    0x08007166   0x00000038   Code   RO         6444    i.msg_get_write_last  makos_message.o
    0x0800719e   0x00000032   Code   RO         6445    i.msg_get_write_try  makos_message.o
    0x080071d0   0x000000c4   Code   RO         6446    i.msg_init          makos_message.o
    0x08007294   0x00000036   Code   RO         6447    i.msg_read_finish   makos_message.o
    0x080072ca   0x00000036   Code   RO         6448    i.msg_read_finish_try  makos_message.o
    0x08007300   0x0000002e   Code   RO         6449    i.msg_write_finish  makos_message.o
    0x0800732e   0x00000026   Code   RO         6450    i.msg_write_finish_last  makos_message.o
    0x08007354   0x000000ac   Code   RO         6167    i.mutex_init        makos_mutex.o
    0x08007400   0x00000038   Code   RO         6169    i.mutex_lock_try    makos_mutex.o
    0x08007438   0x000000f8   Code   RO         6170    i.mutex_unlock      makos_mutex.o
    0x08007530   0x00000022   Code   RO         6171    i.mutex_update_ceiling  makos_mutex.o
    0x08007552   0x00000002   PAD
    0x08007554   0x00000044   Code   RO         6072    i.my_mem_init       makos_memory.o
    0x08007598   0x000000a8   Code   RO         6073    i.my_mem_malloc     makos_memory.o
    0x08007640   0x00000040   Code   RO         6074    i.my_mem_perused    makos_memory.o
    0x08007680   0x00000014   Code   RO         6075    i.my_mem_set        makos_memory.o
    0x08007694   0x00000028   Code   RO         6077    i.mymalloc          makos_memory.o
    0x080076bc   0x00000016   Code   RO         2804    i.oled_pow          oled.o
    0x080076d2   0x00000002   PAD
    0x080076d4   0x0000015c   Code   RO         1830    i.page_init         ui.o
    0x08007830   0x00000010   Code   RO         1831    i.param_set         ui.o
    0x08007840   0x00000010   Code   RO         1832    i.param_set2        ui.o
    0x08007850   0x000000ac   Code   RO          685    i.pid_show          task_chassis.o
    0x080078fc   0x00000094   Code   RO         6288    i.pipe_init         makos_pipe.o
    0x08007990   0x0000003e   Code   RO         6289    i.pipe_read         makos_pipe.o
    0x080079ce   0x00000046   Code   RO         6290    i.pipe_write        makos_pipe.o
    0x08007a14   0x00000018   Code   RO         6765    i.pow_of_10         makos_resolver.o
    0x08007a2c   0x0000008c   Code   RO          686    i.print_chassis_speed  task_chassis.o
    0x08007ab8   0x00000090   Code   RO          687    i.print_current     task_chassis.o
    0x08007b48   0x0000002c   Code   RO          392    i.receiver_control  task_remote.o
    0x08007b74   0x0000000c   Code   RO         6895    i.record_control    makos_record.o
    0x08007b80   0x00000018   Code   RO         2513    i.remote_0_protec   motor.o
    0x08007b98   0x0000021c   Code   RO          393    i.remote_chassis    task_remote.o
    0x08007db4   0x000000a4   Code   RO          394    i.remote_data_dispose  task_remote.o
    0x08007e58   0x00000038   Code   RO          688    i.remote_data_proc  task_chassis.o
    0x08007e90   0x000000d0   Code   RO          395    i.remote_drag_give  task_remote.o
    0x08007f60   0x0000008c   Code   RO          396    i.remote_handle     task_remote.o
    0x08007fec   0x000001d0   Code   RO          397    i.remote_holder_shoot  task_remote.o
    0x080081bc   0x000001a8   Code   RO          398    i.remote_lift_bullet_view  task_remote.o
    0x08008364   0x00000090   Code   RO          399    i.remote_send_msg_init  task_remote.o
    0x080083f4   0x000002f4   Code   RO          400    i.remote_test       task_remote.o
    0x080086e8   0x00000024   Code   RO         6766    i.resolve_add       makos_resolver.o
    0x0800870c   0x0000002c   Code   RO         6767    i.resolver_init     makos_resolver.o
    0x08008738   0x00000054   Code   RO         2514    i.send_can          motor.o
    0x0800878c   0x0000007c   Code   RO          689    i.send_speed_wave   task_chassis.o
    0x08008808   0x00000030   Code   RO         5016    i.serial_handler    usart.o
    0x08008838   0x000002c4   Code   RO         5017    i.serial_init       usart.o
    0x08008afc   0x00000002   Code   RO          690    i.set_D             task_chassis.o
    0x08008afe   0x00000002   Code   RO          691    i.set_I             task_chassis.o
    0x08008b00   0x00000002   Code   RO          692    i.set_P             task_chassis.o
    0x08008b02   0x00000002   PAD
    0x08008b04   0x00000014   Code   RO         6727    i.set_cpu_print     makos_idle.o
    0x08008b18   0x00000030   Code   RO         2515    i.set_current_symbol  motor.o
    0x08008b48   0x00000002   Code   RO          693    i.set_err_lim       task_chassis.o
    0x08008b4a   0x00000002   PAD
    0x08008b4c   0x00000010   Code   RO          947    i.shoot_control     task_shoot.o
    0x08008b5c   0x0000000c   Code   RO          948    i.shoot_test_control  task_shoot.o
    0x08008b68   0x00000180   Code   RO         5791    i.show_content      ui_lib.o
    0x08008ce8   0x0000000c   Code   RO          694    i.speed_show_set    task_chassis.o
    0x08008cf4   0x00000030   Code   RO         2723    i.speed_update      supply_motor.o
    0x08008d24   0x000000b4   Code   RO         6896    i.stack_print       makos_record.o
    0x08008dd8   0x0000005c   Code   RO         1010    i.strech_init       task_bullet.o
    0x08008e34   0x0000007c   Code   RO         1011    i.strech_motor      task_bullet.o
    0x08008eb0   0x00000034   Code   RO         6768    i.string_compare    makos_resolver.o
    0x08008ee4   0x00000032   Code   RO         6769    i.string_get_U32    makos_resolver.o
    0x08008f16   0x00000002   PAD
    0x08008f18   0x00000128   Code   RO         6770    i.string_to_float   makos_resolver.o
    0x08009040   0x000000f4   Code   RO         2724    i.supply_pid_calc   supply_motor.o
    0x08009134   0x0000006c   Code   RO         6686    i.task_PRINT        makos_print.o
    0x080091a0   0x000001dc   Code   RO         1012    i.task_bullet       task_bullet.o
    0x0800937c   0x00000080   Code   RO         1100    i.task_camera_move  task_camera_move.o
    0x080093fc   0x00000088   Code   RO         1416    i.task_car_rise_engineer  task_car_rise_engineer.o
    0x08009484   0x000001dc   Code   RO         1469    i.task_car_rise_hero  task_car_rise_hero.o
    0x08009660   0x00000348   Code   RO          695    i.task_chassis      task_chassis.o
    0x080099a8   0x0000009c   Code   RO         1063    i.task_clip         task_clip.o
    0x08009a44   0x00000358   Code   RO         6339    i.task_create_full  makos_task.o
    0x08009d9c   0x00000038   Code   RO         6529    i.task_delay_ms     makos_schedule.o
    0x08009dd4   0x00000068   Code   RO         1202    i.task_drag         task_drag.o
    0x08009e3c   0x00000070   Code   RO         1247    i.task_give         task_give.o
    0x08009eac   0x000000cc   Code   RO         1289    i.task_guard_move   task_guard.o
    0x08009f78   0x00000464   Code   RO          871    i.task_holder       task_holder.o
    0x0800a3dc   0x000001fc   Code   RO          872    i.task_holder_control  task_holder.o
    0x0800a5d8   0x00000124   Code   RO         6728    i.task_idle         makos_idle.o
    0x0800a6fc   0x000004f4   Code   RO          300    i.task_init         task_init.o
    0x0800abf0   0x00000034   Code   RO         1931    i.task_oled         task_oled.o
    0x0800ac24   0x0000009c   Code   RO         6897    i.task_record       makos_record.o
    0x0800acc0   0x0000013c   Code   RO          401    i.task_remote       task_remote.o
    0x0800adfc   0x000001f0   Code   RO         6771    i.task_resolver     makos_resolver.o
    0x0800afec   0x00000034   Code   RO         6532    i.task_resume       makos_schedule.o
    0x0800b020   0x0000002c   Code   RO         6533    i.task_set_prio     makos_schedule.o
    0x0800b04c   0x000005f4   Code   RO          949    i.task_shoot        task_shoot.o
    0x0800b640   0x000000a8   Code   RO          950    i.task_shoot_control  task_shoot.o
    0x0800b6e8   0x00000028   Code   RO         6534    i.task_suspend      makos_schedule.o
    0x0800b710   0x0000006c   Code   RO         6596    i.tick_handle       makos_tick_handle.o
    0x0800b77c   0x00000050   Code   RO         5926    i.tick_init         makos_tick.o
    0x0800b7cc   0x0000001c   Code   RO         5927    i.tick_start        makos_tick.o
    0x0800b7e8   0x00000094   Code   RO          696    i.upper_monit_err_lim  task_chassis.o
    0x0800b87c   0x00000090   Code   RO          697    i.upper_monit_kd    task_chassis.o
    0x0800b90c   0x00000090   Code   RO          698    i.upper_monit_ki    task_chassis.o
    0x0800b99c   0x00000090   Code   RO          699    i.upper_monit_kp    task_chassis.o
    0x0800ba2c   0x00000020   Code   RO         5019    i.usart3_send_char  usart.o
    0x0800ba4c   0x0000001a   Code   RO         5020    i.usart3_send_string  usart.o
    0x0800ba66   0x00000002   PAD
    0x0800ba68   0x00000080   Code   RO          700    i.v_k_func          task_chassis.o
    0x0800bae8   0x0000000c   Code   RO          701    i.wave_key          task_chassis.o
    0x0800baf4   0x0000002c   Code   RO        10253    locale$$code        c_w.l(lc_numeric_c.o)
    0x0800bb20   0x00000062   Code   RO         9963    x$fpl$d2f           fz_wm.l(d2f.o)
    0x0800bb82   0x00000002   PAD
    0x0800bb84   0x00000150   Code   RO         9965    x$fpl$dadd          fz_wm.l(daddsub_clz.o)
    0x0800bcd4   0x00000018   Code   RO        10153    x$fpl$dcmpinf       fz_wm.l(dcmpi.o)
    0x0800bcec   0x000002b0   Code   RO         9972    x$fpl$ddiv          fz_wm.l(ddiv.o)
    0x0800bf9c   0x00000078   Code   RO         9975    x$fpl$deqf          fz_wm.l(deqf.o)
    0x0800c014   0x0000005e   Code   RO         9977    x$fpl$dfix          fz_wm.l(dfix.o)
    0x0800c072   0x00000002   PAD
    0x0800c074   0x0000005a   Code   RO         9981    x$fpl$dfixu         fz_wm.l(dfixu.o)
    0x0800c0ce   0x0000002e   Code   RO         9986    x$fpl$dflt          fz_wm.l(dflt_clz.o)
    0x0800c0fc   0x00000026   Code   RO         9985    x$fpl$dfltu         fz_wm.l(dflt_clz.o)
    0x0800c122   0x00000002   PAD
    0x0800c124   0x00000078   Code   RO         9991    x$fpl$dleqf         fz_wm.l(dleqf.o)
    0x0800c19c   0x00000154   Code   RO         9993    x$fpl$dmul          fz_wm.l(dmul.o)
    0x0800c2f0   0x0000009c   Code   RO        10155    x$fpl$dnaninf       fz_wm.l(dnaninf.o)
    0x0800c38c   0x0000000c   Code   RO        10157    x$fpl$dretinf       fz_wm.l(dretinf.o)
    0x0800c398   0x0000006c   Code   RO         9995    x$fpl$drleqf        fz_wm.l(drleqf.o)
    0x0800c404   0x000001d4   Code   RO         9967    x$fpl$dsub          fz_wm.l(daddsub_clz.o)
    0x0800c5d8   0x00000056   Code   RO         9997    x$fpl$f2d           fz_wm.l(f2d.o)
    0x0800c62e   0x0000008c   Code   RO        10161    x$fpl$fnaninf       fz_wm.l(fnaninf.o)
    0x0800c6ba   0x0000000a   Code   RO        10264    x$fpl$fpinit        fz_wm.l(fpinit.o)
    0x0800c6c4   0x0000000a   Code   RO        10163    x$fpl$fretinf       fz_wm.l(fretinf.o)
    0x0800c6ce   0x00000004   Code   RO         9999    x$fpl$printf1       fz_wm.l(printf1.o)
    0x0800c6d2   0x00000000   Code   RO        10165    x$fpl$usenofp       fz_wm.l(usenofp.o)
    0x0800c6d2   0x00000818   Data   RO         2805    .constdata          oled.o
    0x0800ceea   0x00000006   PAD
    0x0800cef0   0x00000040   Data   RO         5792    .constdata          ui_lib.o
    0x0800cf30   0x00000018   Data   RO         6082    .constdata          makos_memory.o
    0x0800cf48   0x00000028   Data   RO         9905    .constdata          c_w.l(_printf_hex_int.o)
    0x0800cf70   0x00000094   Data   RO        10224    .constdata          c_w.l(bigflt0.o)
    0x0800d004   0x0000000d   Data   RO         2593    .conststring        dbus.o
    0x0800d011   0x00000003   PAD
    0x0800d014   0x00000027   Data   RO         5021    .conststring        usart.o
    0x0800d03b   0x00000001   PAD
    0x0800d03c   0x00000050   Data   RO         6291    .conststring        makos_pipe.o
    0x0800d08c   0x00000020   Data   RO        10350    Region$$Table       anon$$obj.o
    0x0800d0ac   0x0000001c   Data   RO        10252    locale$$data        c_w.l(lc_numeric_c.o)


    Execution Region RW_IRAM1 (Base: 0x20000000, Size: 0x0001be30, Max: 0x00020000, ABSOLUTE, COMPRESSED[0x0000009c])

    Base Addr    Size         Type   Attr      Idx    E Section Name        Object

    0x20000000   0x00000044   Data   RW          403    .data               task_remote.o
    0x20000044   0x00000020   Data   RW          702    .data               task_chassis.o
    0x20000064   0x00000024   Data   RW          874    .data               task_holder.o
    0x20000088   0x00000010   Data   RW          951    .data               task_shoot.o
    0x20000098   0x00000012   Data   RW         1014    .data               task_bullet.o
    0x200000aa   0x00000002   PAD
    0x200000ac   0x00000008   Data   RW         1101    .data               task_camera_move.o
    0x200000b4   0x00000008   Data   RW         1203    .data               task_drag.o
    0x200000bc   0x00000008   Data   RW         1291    .data               task_guard.o
    0x200000c4   0x0000000e   Data   RW         1418    .data               task_car_rise_engineer.o
    0x200000d2   0x00000002   PAD
    0x200000d4   0x00000018   Data   RW         1834    .data               ui.o
    0x200000ec   0x00000004   Data   RW         2133    .data               flash_data.o
    0x200000f0   0x00000044   Data   RW         2517    .data               motor.o
    0x20000134   0x00000040   Data   RW         2594    .data               dbus.o
    0x20000174   0x00000008   Data   RW         2728    .data               supply_motor.o
    0x2000017c   0x0000000b   Data   RW         2902    .data               keyboard.o
    0x20000187   0x00000001   PAD
    0x20000188   0x0000005c   Data   RW         5022    .data               usart.o
    0x200001e4   0x00000026   Data   RW         5200    .data               can.o
    0x2000020a   0x00000008   Data   RW         5363    .data               adc.o
    0x20000212   0x00000002   PAD
    0x20000214   0x0000000c   Data   RW         5595    .data               uart_dma.o
    0x20000220   0x00000008   Data   RW         5720    .data               data_save_lib.o
    0x20000228   0x00000020   Data   RW         5793    .data               ui_lib.o
    0x20000248   0x00000001   Data   RW         5884    .data               makos_critical.o
    0x20000249   0x00000003   PAD
    0x2000024c   0x00000004   Data   RW         5928    .data               makos_tick.o
    0x20000250   0x0000001c   Data   RW         6083    .data               makos_memory.o
    0x2000026c   0x00000008   Data   RW         6379    .data               makos_system.o
    0x20000274   0x00000004   Data   RW         6597    .data               makos_tick_handle.o
    0x20000278   0x0000000c   Data   RW         6687    .data               makos_print.o
    0x20000284   0x00000008   Data   RW         6729    .data               makos_idle.o
    0x2000028c   0x00000008   Data   RW         6773    .data               makos_resolver.o
    0x20000294   0x0000000c   Data   RW         6899    .data               makos_record.o
    0x200002a0   0x00000010   Data   RW         8538    .data               stm32f4xx_rcc.o
    0x200002b0   0x0000012a   Zero   RW          402    .bss                task_remote.o
    0x200003da   0x00000002   PAD
    0x200003dc   0x000000b4   Zero   RW          873    .bss                task_holder.o
    0x20000490   0x0000002c   Zero   RW         1013    .bss                task_bullet.o
    0x200004bc   0x00000058   Zero   RW         1290    .bss                task_guard.o
    0x20000514   0x00000058   Zero   RW         1417    .bss                task_car_rise_engineer.o
    0x2000056c   0x00000290   Zero   RW         1833    .bss                ui.o
    0x200007fc   0x00000010   Zero   RW         2132    .bss                flash_data.o
    0x2000080c   0x0000010c   Zero   RW         2296    .bss                pid.o
    0x20000918   0x00000012   Zero   RW         2592    .bss                dbus.o
    0x2000092a   0x00000014   Zero   RW         2901    .bss                keyboard.o
    0x2000093e   0x00000002   PAD
    0x20000940   0x00000100   Zero   RW         5199    .bss                can.o
    0x20000a40   0x00000028   Zero   RW         5883    .bss                makos_critical.o
    0x20000a68   0x0001a900   Zero   RW         6081    .bss                makos_memory.o
    0x2001b368   0x00000054   Zero   RW         6378    .bss                makos_system.o
    0x2001b3bc   0x00000014   Zero   RW         6772    .bss                makos_resolver.o
    0x2001b3d0   0x00000400   Zero   RW         6898    .bss                makos_record.o
    0x2001b7d0   0x00000060   Zero   RW        10182    .bss                c_w.l(libspace.o)
    0x2001b830   0x00000200   Zero   RW         9819    HEAP                startup_stm32f40xx.o
    0x2001ba30   0x00000400   Zero   RW         9818    STACK               startup_stm32f40xx.o



  Load Region LR$$.ARM.__AT_0x68000000 (Base: 0x68000000, Size: 0x00000000, Max: 0x000f0000, ABSOLUTE)

    Execution Region ER$$.ARM.__AT_0x68000000 (Base: 0x68000000, Size: 0x000f0000, Max: 0x000f0000, ABSOLUTE, UNINIT)

    Base Addr    Size         Type   Attr      Idx    E Section Name        Object

    0x68000000   0x000f0000   Zero   RW         6079    .ARM.__AT_0x68000000  makos_memory.o



  Load Region LR$$.ARM.__AT_0x680F0000 (Base: 0x680f0000, Size: 0x00000000, Max: 0x0000f000, ABSOLUTE)

    Execution Region ER$$.ARM.__AT_0x680F0000 (Base: 0x680f0000, Size: 0x0000f000, Max: 0x0000f000, ABSOLUTE, UNINIT)

    Base Addr    Size         Type   Attr      Idx    E Section Name        Object

    0x680f0000   0x0000f000   Zero   RW         6080    .ARM.__AT_0x680F0000  makos_memory.o


==============================================================================

Image component sizes


      Code (inc. data)   RO Data    RW Data    ZI Data      Debug   Object Name

       360         16          0          8          0     252532   adc.o
      1550        104          0         38        256      13190   can.o
        56         16          0          0          0       3427   data_save.o
       264         28          0          8          0       7665   data_save_lib.o
      1018        208         13         64         18       9146   dbus.o
       448        184          0          4         16       2719   flash_data.o
       696         16          0          0          0       4635   holder_pid.o
      1224         50          0          0          0       6941   iic.o
         2          0          0          0          0        581   irq_dead_check.o
       576         66          0         11         20       4316   keyboard.o
       284        136          0          0          0     270287   main.o
       296         10          0          0          0       4305   mak_pid.o
       592         10          0          0          0       4424   mak_print.o
       156         68          0          1         40       3565   makos_critical.o
        50          0          0          0          0       1240   makos_dnode_queue.o
        54          0          0          0          0       2832   makos_doublelist.o
       312         74          0          8          0       1727   makos_idle.o
       360         42         24         28    1153280       5479   makos_memory.o
       516        100          0          0          0       6326   makos_message.o
       510        216          0          0          0       4848   makos_mutex.o
        76          8          0          0          0        468   makos_pendsv.o
       280         72         80          0          0       2485   makos_pipe.o
       108         10          0         12          0        994   makos_print.o
       468        208          0         12       1024       4703   makos_record.o
       998        150          0          8         20       7104   makos_resolver.o
       192         24          0          0          0       2429   makos_schedule.o
       492        188          0          8         84       5007   makos_system.o
       856        122          0          0          0       2751   makos_task.o
       124         20          0          4          0      28638   makos_tick.o
       128         20          0          4          0       2462   makos_tick_handle.o
       140         24          0          0          0      18879   misc.o
       686         66          0         68          0       4137   motor.o
      1270         34       2072          0          0       8156   oled.o
       682         26          0          0        268       5797   pid.o
        64         26        392          0       1536        840   startup_stm32f40xx.o
       524         46          0          0          0       4203   stm32_flash.o
       392         24          0          0          0      19771   stm32f4xx_adc.o
      1710         26          0          0          0      16956   stm32f4xx_can.o
       684         58          0          0          0      18760   stm32f4xx_dma.o
       482         46          0          0          0      14609   stm32f4xx_flash.o
       240          0          0          0          0      10959   stm32f4xx_gpio.o
       552         28          0          0          0      15825   stm32f4xx_i2c.o
       268        178          0          0          0       4124   stm32f4xx_it.o
       392         48          0         16          0      21689   stm32f4xx_rcc.o
      1920        120          0          0          0      40081   stm32f4xx_tim.o
       716         42          0          0          0      13325   stm32f4xx_usart.o
       292         20          0          8          0       3328   supply_motor.o
       340         32          0          0          0       1769   system_stm32f4xx.o
       708        168          0         18         44       3455   task_bullet.o
       160         42          0          8          0      11583   task_camera_move.o
       770         76          0         14         88       3706   task_car_rise_engineer.o
       476         50          0          0          0       1017   task_car_rise_hero.o
      2408        644          0         32          0      16664   task_chassis.o
       268         54          0          0          0       1271   task_clip.o
       296         30          0          8          0       1576   task_drag.o
       112          8          0          0          0        660   task_give.o
       490         50          0          8         88       2669   task_guard.o
      1818        352          0         36        180      11535   task_holder.o
      1268        430          0          0          0        980   task_init.o
        52          4          0          0          0        572   task_oled.o
      3226        536          0         68        298     319921   task_remote.o
      1720        340          0         16          0       5340   task_shoot.o
       464         30          0          0          0       3015   tim3_4.o
       132         10          0          0          0       1270   time.o
        68         20          0         12          0       1633   uart_dma.o
       560        192          0         24        656      10676   ui.o
      1508         94         64         32          0       4388   ui_lib.o
      1266        236         39         92          0      10354   usart.o

    ----------------------------------------------------------------------
     42224       6376       2726        688    1157920    1302719   Object Totals
         0          0         32          0          0          0   (incl. Generated)
        54          0         10         10          4          0   (incl. Padding)

    ----------------------------------------------------------------------

      Code (inc. data)   RO Data    RW Data    ZI Data      Debug   Library Member Name

        90          0          0          0          0          0   __dczerorl2.o
         8          0          0          0          0         68   __main.o
       284          0          0          0          0        156   __printf_wp.o
        52          8          0          0          0          0   __scatter.o
        28          0          0          0          0          0   __scatter_zi.o
        44          0          0          0          0        108   _printf_char.o
        48          6          0          0          0         96   _printf_char_common.o
        36          4          0          0          0         80   _printf_char_file.o
         6          0          0          0          0          0   _printf_d.o
       116         16          0          0          0         92   _printf_dec.o
         6          0          0          0          0          0   _printf_f.o
      1046          0          0          0          0        216   _printf_fp_dec.o
       128         16          0          0          0         84   _printf_fp_infnan.o
        88          4         40          0          0         88   _printf_hex_int.o
       178          0          0          0          0         88   _printf_intcommon.o
         0          0          0          0          0          0   _printf_percent.o
         4          0          0          0          0          0   _printf_percent_end.o
         6          0          0          0          0          0   _printf_s.o
        82          0          0          0          0         80   _printf_str.o
         6          0          0          0          0          0   _printf_x.o
       216          4        148          0          0         96   bigflt0.o
      1910        128          0          0          0        672   btod.o
        12          0          0          0          0         72   exit.o
         8          0          0          0          0         68   ferror.o
         6          0          0          0          0        152   heapauxi.o
        44         10         28          0          0         76   lc_numeric_c.o
         2          0          0          0          0          0   libinit.o
        22          0          0          0          0          0   libinit2.o
         2          0          0          0          0          0   libshutdown.o
         2          0          0          0          0          0   libshutdown2.o
         8          4          0          0         96         68   libspace.o
       138          0          0          0          0         80   lludiv10.o
        24          4          0          0          0         84   noretval__2printf.o
         8          4          0          0          0         68   rt_locale_intlibspace.o
        68          0          0          0          0         68   rt_memclr.o
        78          0          0          0          0         80   rt_memclr_w.o
       100          0          0          0          0         80   rt_memcpy_w.o
         0          0          0          0          0          0   rtentry.o
        12          0          0          0          0          0   rtentry2.o
         6          0          0          0          0          0   rtentry4.o
         2          0          0          0          0          0   rtexit.o
        10          0          0          0          0          0   rtexit2.o
       128          0          0          0          0         68   strcmpv7m.o
        86          0          0          0          0         76   strncpy.o
        74          0          0          0          0         80   sys_stackheap_outer.o
         2          0          0          0          0         68   use_no_semi.o
         2          0          0          0          0         68   use_no_semi_2.o
        98          4          0          0          0        140   d2f.o
       804         16          0          0          0        368   daddsub_clz.o
        24          0          0          0          0        116   dcmpi.o
       688        140          0          0          0        256   ddiv.o
       120          4          0          0          0        140   deqf.o
        94          4          0          0          0        140   dfix.o
        90          4          0          0          0        140   dfixu.o
        84          0          0          0          0        232   dflt_clz.o
       120          4          0          0          0        140   dleqf.o
       340         12          0          0          0        152   dmul.o
       156          4          0          0          0        140   dnaninf.o
        12          0          0          0          0        116   dretinf.o
       108          0          0          0          0        128   drleqf.o
        86          4          0          0          0        132   f2d.o
       140          4          0          0          0        132   fnaninf.o
        10          0          0          0          0        116   fpinit.o
        10          0          0          0          0        116   fretinf.o
         4          0          0          0          0        116   printf1.o
         0          0          0          0          0          0   usenofp.o
        48          0          0          0          0        124   fpclassify.o

    ----------------------------------------------------------------------
      8282        408        216          0         96       6124   Library Totals
        20          0          0          0          0          0   (incl. Padding)

    ----------------------------------------------------------------------

      Code (inc. data)   RO Data    RW Data    ZI Data      Debug   Library Name

      5226        208        216          0         96       3180   c_w.l
      2988        200          0          0          0       2820   fz_wm.l
        48          0          0          0          0        124   m_wm.l

    ----------------------------------------------------------------------
      8282        408        216          0         96       6124   Library Totals

    ----------------------------------------------------------------------

==============================================================================


      Code (inc. data)   RO Data    RW Data    ZI Data      Debug   

     50506       6784       2942        688    1158016    1272975   Grand Totals
     50506       6784       2942        156    1158016    1272975   ELF Image Totals (compressed)
     50506       6784       2942        156          0          0   ROM Totals

==============================================================================

    Total RO  Size (Code + RO Data)                53448 (  52.20kB)
    Total RW  Size (RW Data + ZI Data)           1158704 (1131.55kB)
    Total ROM Size (Code + RO Data + RW Data)      53604 (  52.35kB)

==============================================================================

